Archive member included because of file (symbol)

C:\Progetti\DemoKit\stk_board\lpc_chip_15xx\Debug\liblpc_chip_15xx.a(adc_15xx.o)
                              ./example/src/BoardInit.o (Chip_ADC_Init)
C:\Progetti\DemoKit\stk_board\lpc_chip_15xx\Debug\liblpc_chip_15xx.a(chip_15xx.o)
                              ./example/src/BoardInit.o (SystemCoreClockUpdate)
C:\Progetti\DemoKit\stk_board\lpc_chip_15xx\Debug\liblpc_chip_15xx.a(clock_15xx.o)
                              ./example/src/BoardInit.o (Chip_Clock_EnablePeriphClock)
C:\Progetti\DemoKit\stk_board\lpc_chip_15xx\Debug\liblpc_chip_15xx.a(gpio_15xx.o)
                              ./example/src/BoardInit.o (Chip_GPIO_Init)
C:\Progetti\DemoKit\stk_board\lpc_chip_15xx\Debug\liblpc_chip_15xx.a(sct_15xx.o)
                              ./example/src/BoardInit.o (Chip_SCT_Init)
C:\Progetti\DemoKit\stk_board\lpc_chip_15xx\Debug\liblpc_chip_15xx.a(sct_pwm_15xx.o)
                              ./example/src/BoardInit.o (Chip_SCTPWM_SetOutPin)
C:\Progetti\DemoKit\stk_board\lpc_chip_15xx\Debug\liblpc_chip_15xx.a(swm_15xx.o)
                              ./example/src/BoardInit.o (Chip_SWM_MovablePinAssign)
C:\Progetti\DemoKit\stk_board\lpc_chip_15xx\Debug\liblpc_chip_15xx.a(sysctl_15xx.o)
                              C:\Progetti\DemoKit\stk_board\lpc_chip_15xx\Debug\liblpc_chip_15xx.a(adc_15xx.o) (Chip_SYSCTL_AssertPeriphReset)
C:\Progetti\DemoKit\stk_board\lpc_chip_15xx\Debug\liblpc_chip_15xx.a(sysinit_15xx.o)
                              ./example/src/sysinit.o (Chip_SystemInit)
c:/nxp/lpcxpresso_7.4.0_229/lpcxpresso/tools/bin/../lib/gcc/arm-none-eabi/4.8.4/../../../../arm-none-eabi/lib/armv7-m\libcr_semihost.a(_cr__main.o)
                              ./example/src/cr_startup_lpc15xx.o (__main)
c:/nxp/lpcxpresso_7.4.0_229/lpcxpresso/tools/bin/../lib/gcc/arm-none-eabi/4.8.4/../../../../arm-none-eabi/lib/armv7-m\libcr_c.a(initio.o)
                              c:/nxp/lpcxpresso_7.4.0_229/lpcxpresso/tools/bin/../lib/gcc/arm-none-eabi/4.8.4/../../../../arm-none-eabi/lib/armv7-m\libcr_semihost.a(_cr__main.o) (_initio)
c:/nxp/lpcxpresso_7.4.0_229/lpcxpresso/tools/bin/../lib/gcc/arm-none-eabi/4.8.4/../../../../arm-none-eabi/lib/armv7-m\libcr_c.a(setvbuf.o)
                              c:/nxp/lpcxpresso_7.4.0_229/lpcxpresso/tools/bin/../lib/gcc/arm-none-eabi/4.8.4/../../../../arm-none-eabi/lib/armv7-m\libcr_c.a(initio.o) (setvbuf)
c:/nxp/lpcxpresso_7.4.0_229/lpcxpresso/tools/bin/../lib/gcc/arm-none-eabi/4.8.4/../../../../arm-none-eabi/lib/armv7-m\libcr_c.a(stdio.o)
                              c:/nxp/lpcxpresso_7.4.0_229/lpcxpresso/tools/bin/../lib/gcc/arm-none-eabi/4.8.4/../../../../arm-none-eabi/lib/armv7-m\libcr_c.a(initio.o) (__Ciob)
c:/nxp/lpcxpresso_7.4.0_229/lpcxpresso/tools/bin/../lib/gcc/arm-none-eabi/4.8.4/../../../../arm-none-eabi/lib/armv7-m\libcr_c.a(memset.o)
                              c:/nxp/lpcxpresso_7.4.0_229/lpcxpresso/tools/bin/../lib/gcc/arm-none-eabi/4.8.4/../../../../arm-none-eabi/lib/armv7-m\libcr_c.a(initio.o) (memset)
c:/nxp/lpcxpresso_7.4.0_229/lpcxpresso/tools/bin/../lib/gcc/arm-none-eabi/4.8.4/../../../../arm-none-eabi/lib/armv7-m\libcr_c.a(__fillbuf.o)
                              c:/nxp/lpcxpresso_7.4.0_229/lpcxpresso/tools/bin/../lib/gcc/arm-none-eabi/4.8.4/../../../../arm-none-eabi/lib/armv7-m\libcr_c.a(stdio.o) (__filbuf)
c:/nxp/lpcxpresso_7.4.0_229/lpcxpresso/tools/bin/../lib/gcc/arm-none-eabi/4.8.4/../../../../arm-none-eabi/lib/armv7-m\libcr_c.a(_deferredlazyseek.o)
                              c:/nxp/lpcxpresso_7.4.0_229/lpcxpresso/tools/bin/../lib/gcc/arm-none-eabi/4.8.4/../../../../arm-none-eabi/lib/armv7-m\libcr_c.a(__fillbuf.o) (_deferredlazyseek)
c:/nxp/lpcxpresso_7.4.0_229/lpcxpresso/tools/bin/../lib/gcc/arm-none-eabi/4.8.4/../../../../arm-none-eabi/lib/armv7-m\libcr_c.a(_fdopen.o)
                              c:/nxp/lpcxpresso_7.4.0_229/lpcxpresso/tools/bin/../lib/gcc/arm-none-eabi/4.8.4/../../../../arm-none-eabi/lib/armv7-m\libcr_c.a(initio.o) (_fdopen)
c:/nxp/lpcxpresso_7.4.0_229/lpcxpresso/tools/bin/../lib/gcc/arm-none-eabi/4.8.4/../../../../arm-none-eabi/lib/armv7-m\libcr_c.a(_fflush.o)
                              c:/nxp/lpcxpresso_7.4.0_229/lpcxpresso/tools/bin/../lib/gcc/arm-none-eabi/4.8.4/../../../../arm-none-eabi/lib/armv7-m\libcr_c.a(__fillbuf.o) (_fflush)
c:/nxp/lpcxpresso_7.4.0_229/lpcxpresso/tools/bin/../lib/gcc/arm-none-eabi/4.8.4/../../../../arm-none-eabi/lib/armv7-m\libcr_c.a(_writebuf.o)
                              c:/nxp/lpcxpresso_7.4.0_229/lpcxpresso/tools/bin/../lib/gcc/arm-none-eabi/4.8.4/../../../../arm-none-eabi/lib/armv7-m\libcr_c.a(_deferredlazyseek.o) (_Cwritebuf)
c:/nxp/lpcxpresso_7.4.0_229/lpcxpresso/tools/bin/../lib/gcc/arm-none-eabi/4.8.4/../../../../arm-none-eabi/lib/armv7-m\libcr_c.a(alloc.o)
                              c:/nxp/lpcxpresso_7.4.0_229/lpcxpresso/tools/bin/../lib/gcc/arm-none-eabi/4.8.4/../../../../arm-none-eabi/lib/armv7-m\libcr_c.a(initio.o) (_Csys_alloc)
[...]
Memory Configuration

Name             Origin             Length             Attributes
MFlash256        0x00000000         0x00040000         xr
Ram0_16          0x02000000         0x00004000         xrw
Ram1_16          0x02004000         0x00004000         xrw
Ram2_4           0x02008000         0x00001000         xrw
*default*        0x00000000         0xffffffff

Linker script and memory map

LOAD ./example/src/BoardInit.o
LOAD ./example/src/STKfw.o
LOAD ./example/src/cr_startup_lpc15xx.o
LOAD ./example/src/sysinit.o
LOAD C:\Progetti\DemoKit\stk_board\lpc_chip_15xx\Debug\liblpc_chip_15xx.a
START GROUP
LOAD c:/nxp/lpcxpresso_7.4.0_229/lpcxpresso/tools/bin/../lib/gcc/arm-none-eabi/4.8.4/../../../../arm-none-eabi/lib/armv7-m\libcr_semihost.a
LOAD c:/nxp/lpcxpresso_7.4.0_229/lpcxpresso/tools/bin/../lib/gcc/arm-none-eabi/4.8.4/../../../../arm-none-eabi/lib/armv7-m\libcr_c.a
LOAD c:/nxp/lpcxpresso_7.4.0_229/lpcxpresso/tools/bin/../lib/gcc/arm-none-eabi/4.8.4/armv7-m\libcr_eabihelpers.a
END GROUP
                0x00040000                __top_MFlash256 = 0x40000
                0x02004000                __top_Ram0_16 = 0x2004000
                0x02008000                __top_Ram1_16 = 0x2008000
                0x02009000                __top_Ram2_4 = 0x2009000

.text           0x00000000     0x25d8
 FILL mask 0xff
                0x00000000                __vectors_start__ = ABSOLUTE (.)
 *(.isr_vector)
 .isr_vector    0x00000000       0xfc ./example/src/cr_startup_lpc15xx.o
                0x00000000                g_pfnVectors
                0x000000fc                . = ALIGN (0x4)
                0x000000fc                __section_table_start = .
                0x000000fc                __data_section_table = .
                0x000000fc        0x4 LONG 0x25d8 LOADADDR (.data)
                0x00000100        0x4 LONG 0x2000000 ADDR (.data)
                0x00000104        0x4 LONG 0x1c0 SIZEOF (.data)
                0x00000108        0x4 LONG 0x25d8 LOADADDR (.data_RAM2)
                0x0000010c        0x4 LONG 0x2004000 ADDR (.data_RAM2)
                0x00000110        0x4 LONG 0x0 SIZEOF (.data_RAM2)
                0x00000114        0x4 LONG 0x25d8 LOADADDR (.data_RAM3)
                0x00000118        0x4 LONG 0x2008000 ADDR (.data_RAM3)
                0x0000011c        0x4 LONG 0x0 SIZEOF (.data_RAM3)
                0x00000120                __data_section_table_end = .
                0x00000120                __bss_section_table = .
                0x00000120        0x4 LONG 0x20001c0 ADDR (.bss)
                0x00000124        0x4 LONG 0x16c SIZEOF (.bss)
                0x00000128        0x4 LONG 0x2004000 ADDR (.bss_RAM2)
                0x0000012c        0x4 LONG 0x0 SIZEOF (.bss_RAM2)
                0x00000130        0x4 LONG 0x2008000 ADDR (.bss_RAM3)
                0x00000134        0x4 LONG 0x0 SIZEOF (.bss_RAM3)
                0x00000138                __bss_section_table_end = .
                0x00000138                __section_table_end = .
 *(.after_vectors*)
 .after_vectors
                0x00000138      0x144 ./example/src/cr_startup_lpc15xx.o
                0x00000138                data_init
                0x0000017c                bss_init
                0x000001b4                ResetISR
                0x0000022c                NMI_Handler
                0x00000234                HardFault_Handler
                0x0000023c                MemManage_Handler
                0x00000244                BusFault_Handler
                0x0000024c                UsageFault_Handler
                0x00000254                SVC_Handler
                0x0000025c                DebugMon_Handler
                0x00000264                PendSV_Handler
                0x00000274                UART1_IRQHandler
                0x00000274                RTC_WAKE_IRQHandler
                0x00000274                UART0_IRQHandler
                0x00000274                RIT_IRQHandler
                0x00000274                SCT2_IRQHandler
                0x00000274                SPI1_IRQHandler
                0x00000274                PIN_INT6_IRQHandler
                0x00000274                IntDefaultHandler
                0x00000274                PIN_INT4_IRQHandler
                0x00000274                CAN_IRQHandler
                0x00000274                RTC_ALARM_IRQHandler
                0x00000274                ADC1_THCMP_IRQHandler
                0x00000274                ADC1_OVR_IRQHandler
                0x00000274                USBWakeup_IRQHandler
                0x00000274                MRT_IRQHandler
                0x00000274                UART2_IRQHandler
                0x00000274                PIN_INT5_IRQHandler
                0x00000274                SCT1_IRQHandler
                0x00000274                PIN_INT2_IRQHandler
                0x00000274                USB_FIQHandler
                0x00000274                SCT3_IRQHandler
                0x00000274                PIN_INT7_IRQHandler
                0x00000274                PIN_INT1_IRQHandler
                0x00000274                USB_IRQHandler
                0x00000274                BOD_IRQHandler
                0x00000274                ADC0B_IRQHandler
                0x00000274                ACMP0_IRQHandler
                0x00000274                ADC0_OVR_IRQHandler
                0x00000274                WDT_IRQHandler
                0x00000274                ADC1B_IRQHandler
                0x00000274                PIN_INT0_IRQHandler
                0x00000274                QEI_IRQHandler
                0x00000274                ACMP3_IRQHandler
                0x00000274                GINT0_IRQHandler
                0x00000274                DAC_IRQHandler
                0x00000274                SPI0_IRQHandler
                0x00000274                EEPROM_IRQHandler
                0x00000274                ACMP2_IRQHandler
                0x00000274                I2C0_IRQHandler
                0x00000274                ADC1A_IRQHandler
                0x00000274                DMA_IRQHandler
                0x00000274                PIN_INT3_IRQHandler
                0x00000274                ACMP1_IRQHandler
                0x00000274                SCT0_IRQHandler
                0x00000274                FMC_IRQHandler
                0x00000274                GINT1_IRQHandler
                0x00000274                ADC0_THCMP_IRQHandler
 *(.text*)
 .text.NVIC_EnableIRQ
                0x0000027c       0x30 ./example/src/BoardInit.o
 .text.Chip_IOCON_PinMuxSet
                0x000002ac       0x2c ./example/src/BoardInit.o
 .text.Chip_IOCON_PinMux
                0x000002d8       0x24 ./example/src/BoardInit.o
 .text.Chip_GPIO_SetPortDIROutput
                0x000002fc       0x34 ./example/src/BoardInit.o
 .text.Chip_ADC_IsCalibrationDone
                0x00000330       0x28 ./example/src/BoardInit.o
 .text.Chip_ADC_SetupSequencer
                0x00000358       0x24 ./example/src/BoardInit.o
 .text.Chip_ADC_EnableSequencer
                0x0000037c       0x20 ./example/src/BoardInit.o
 .text.Chip_ADC_GetFlags
                0x0000039c       0x18 ./example/src/BoardInit.o
 .text.Chip_ADC_ClearFlags
                0x000003b4       0x1c ./example/src/BoardInit.o
 .text.Chip_ADC_SetTrim
                0x000003d0       0x1c ./example/src/BoardInit.o
 .text.Chip_SCT_SetMatchReload
                0x000003ec       0x24 ./example/src/BoardInit.o
 .text.Chip_SCT_ClearControl
                0x00000410       0x24 ./example/src/BoardInit.o
 .text.Chip_SCTPWM_GetTicksPerCycle
                0x00000434       0x1c ./example/src/BoardInit.o
 .text.Chip_SCTPWM_SetDutyCycle
                0x00000450       0x20 ./example/src/BoardInit.o
 .text.Chip_SCTPWM_Init
                0x00000470       0x14 ./example/src/BoardInit.o
 .text.Chip_SCTPWM_Start
                0x00000484       0x18 ./example/src/BoardInit.o
 .text.Board_Init
                0x0000049c       0x10 ./example/src/BoardInit.o
                0x0000049c                Board_Init
 .text.PWM_setup_pin
                0x000004ac       0x24 ./example/src/BoardInit.o
                0x000004ac                PWM_setup_pin
 .text.InitGPIO
                0x000004d0       0x84 ./example/src/BoardInit.o
                0x000004d0                InitGPIO
 .text.InitDAC  0x00000554       0x58 ./example/src/BoardInit.o
                0x00000554                InitDAC
 .text.InitADC  0x000005ac       0xd8 ./example/src/BoardInit.o
                0x000005ac                InitADC
 .text.NVIC_SetPriority
                0x00000684       0x54 ./example/src/STKfw.o
 .text.SysTick_Config
                0x000006d8       0x44 ./example/src/STKfw.o
 .text.Chip_GPIO_WritePortBit
                0x0000071c       0x28 ./example/src/STKfw.o
 .text.Chip_GPIO_ReadPortBit
                0x00000744       0x34 ./example/src/STKfw.o
 .text.Chip_GPIO_SetMaskedPortValue
                0x00000778       0x28 ./example/src/STKfw.o
 .text.Chip_ADC_StartSequencer
                0x000007a0       0x20 ./example/src/STKfw.o
 .text.Chip_ADC_GetDataReg
                0x000007c0       0x24 ./example/src/STKfw.o
 .text.Chip_ADC_GetFlags
                0x000007e4       0x18 ./example/src/STKfw.o
 .text.Chip_ADC_ClearFlags
                0x000007fc       0x1c ./example/src/STKfw.o
 .text.Chip_SCT_SetMatchReload
                0x00000818       0x24 ./example/src/STKfw.o
 .text.Chip_SCTPWM_GetTicksPerCycle
                0x0000083c       0x1c ./example/src/STKfw.o
 .text.Chip_SCTPWM_PercentageToTicks
                0x00000858       0x30 ./example/src/STKfw.o
 .text.Chip_SCTPWM_SetDutyCycle
                0x00000888       0x20 ./example/src/STKfw.o
 .text.main     0x000008a8      0x3d0 ./example/src/STKfw.o
                0x000008a8                main
 .text.UpdateValues
                0x00000c78      0x328 ./example/src/STKfw.o
                0x00000c78                UpdateValues
 .text.SysTick_Handler
                0x00000fa0       0x5c ./example/src/STKfw.o
                0x00000fa0                SysTick_Handler
 .text.ADC0A_IRQHandler
                0x00000ffc       0x34 ./example/src/STKfw.o
                0x00000ffc                ADC0A_IRQHandler
 .text.calc_point
                0x00001030       0x78 ./example/src/STKfw.o
                0x00001030                calc_point
 .text.SystemInit
                0x000010a8        0xc ./example/src/sysinit.o
                0x000010a8                SystemInit
 .text.Chip_ADC_SetIntBits
                0x000010b4        0xc C:\Progetti\DemoKit\stk_board\lpc_chip_15xx\Debug\liblpc_chip_15xx.a(adc_15xx.o)
                0x000010b4                Chip_ADC_SetIntBits
 .text.Chip_ADC_Init
                0x000010c0       0x4c C:\Progetti\DemoKit\stk_board\lpc_chip_15xx\Debug\liblpc_chip_15xx.a(adc_15xx.o)
                0x000010c0                Chip_ADC_Init
 .text.Chip_ADC_SetClockRate
                0x0000110c       0x24 C:\Progetti\DemoKit\stk_board\lpc_chip_15xx\Debug\liblpc_chip_15xx.a(adc_15xx.o)
                0x0000110c                Chip_ADC_SetClockRate
 .text.Chip_ADC_StartCalibration
                0x00001130       0x28 C:\Progetti\DemoKit\stk_board\lpc_chip_15xx\Debug\liblpc_chip_15xx.a(adc_15xx.o)
                0x00001130                Chip_ADC_StartCalibration
 .text.Chip_ADC_SetSequencerBits
                0x00001158       0x14 C:\Progetti\DemoKit\stk_board\lpc_chip_15xx\Debug\liblpc_chip_15xx.a(adc_15xx.o)
                0x00001158                Chip_ADC_SetSequencerBits
 .text.Chip_ADC_EnableInt
                0x0000116c        0x8 C:\Progetti\DemoKit\stk_board\lpc_chip_15xx\Debug\liblpc_chip_15xx.a(adc_15xx.o)
                0x0000116c                Chip_ADC_EnableInt
 .text.SystemCoreClockUpdate
                0x00001174       0x10 C:\Progetti\DemoKit\stk_board\lpc_chip_15xx\Debug\liblpc_chip_15xx.a(chip_15xx.o)
                0x00001174                SystemCoreClockUpdate
 .text.Chip_Clock_GetPLLFreq
                0x00001184        0xc C:\Progetti\DemoKit\stk_board\lpc_chip_15xx\Debug\liblpc_chip_15xx.a(clock_15xx.o)
 .text.Chip_Clock_GetPLLInClockRate
                0x00001190       0x24 C:\Progetti\DemoKit\stk_board\lpc_chip_15xx\Debug\liblpc_chip_15xx.a(clock_15xx.o)
 .text.Chip_Clock_GetSystemPLLInClockRate
                0x000011b4       0x14 C:\Progetti\DemoKit\stk_board\lpc_chip_15xx\Debug\liblpc_chip_15xx.a(clock_15xx.o)
                0x000011b4                Chip_Clock_GetSystemPLLInClockRate
 .text.Chip_Clock_GetSystemPLLOutClockRate
                0x000011c8       0x1c C:\Progetti\DemoKit\stk_board\lpc_chip_15xx\Debug\liblpc_chip_15xx.a(clock_15xx.o)
                0x000011c8                Chip_Clock_GetSystemPLLOutClockRate
 .text.Chip_Clock_GetMain_A_ClockRate
                0x000011e4       0x38 C:\Progetti\DemoKit\stk_board\lpc_chip_15xx\Debug\liblpc_chip_15xx.a(clock_15xx.o)
                0x000011e4                Chip_Clock_GetMain_A_ClockRate
 .text.Chip_Clock_GetMain_B_ClockRate
                0x0000121c       0x3c C:\Progetti\DemoKit\stk_board\lpc_chip_15xx\Debug\liblpc_chip_15xx.a(clock_15xx.o)
                0x0000121c                Chip_Clock_GetMain_B_ClockRate
 .text.Chip_Clock_SetMainClockSource
                0x00001258       0x24 C:\Progetti\DemoKit\stk_board\lpc_chip_15xx\Debug\liblpc_chip_15xx.a(clock_15xx.o)
                0x00001258                Chip_Clock_SetMainClockSource
 .text.Chip_Clock_GetMainClockRate
                0x0000127c       0x20 C:\Progetti\DemoKit\stk_board\lpc_chip_15xx\Debug\liblpc_chip_15xx.a(clock_15xx.o)
                0x0000127c                Chip_Clock_GetMainClockRate
 .text.Chip_Clock_EnablePeriphClock
                0x0000129c       0x34 C:\Progetti\DemoKit\stk_board\lpc_chip_15xx\Debug\liblpc_chip_15xx.a(clock_15xx.o)
                0x0000129c                Chip_Clock_EnablePeriphClock
 .text.Chip_Clock_DisablePeriphClock
                0x000012d0       0x38 C:\Progetti\DemoKit\stk_board\lpc_chip_15xx\Debug\liblpc_chip_15xx.a(clock_15xx.o)
                0x000012d0                Chip_Clock_DisablePeriphClock
 .text.Chip_Clock_GetSysTickClockRate
                0x00001308       0x1c C:\Progetti\DemoKit\stk_board\lpc_chip_15xx\Debug\liblpc_chip_15xx.a(clock_15xx.o)
                0x00001308                Chip_Clock_GetSysTickClockRate
 .text.Chip_Clock_GetSystemClockRate
                0x00001324       0x18 C:\Progetti\DemoKit\stk_board\lpc_chip_15xx\Debug\liblpc_chip_15xx.a(clock_15xx.o)
                0x00001324                Chip_Clock_GetSystemClockRate
 .text.Chip_GPIO_Init
                0x0000133c       0x28 C:\Progetti\DemoKit\stk_board\lpc_chip_15xx\Debug\liblpc_chip_15xx.a(gpio_15xx.o)
                0x0000133c                Chip_GPIO_Init
 .text.Chip_SCT_Init
                0x00001364       0x20 C:\Progetti\DemoKit\stk_board\lpc_chip_15xx\Debug\liblpc_chip_15xx.a(sct_15xx.o)
                0x00001364                Chip_SCT_Init
 .text.Chip_SCTPWM_SetOutPin
                0x00001384       0x48 C:\Progetti\DemoKit\stk_board\lpc_chip_15xx\Debug\liblpc_chip_15xx.a(sct_pwm_15xx.o)
                0x00001384                Chip_SCTPWM_SetOutPin
 .text.Chip_SCTPWM_SetRate
                0x000013cc       0x40 C:\Progetti\DemoKit\stk_board\lpc_chip_15xx\Debug\liblpc_chip_15xx.a(sct_pwm_15xx.o)
                0x000013cc                Chip_SCTPWM_SetRate
 .text.Chip_SWM_MovablePinAssign
                0x0000140c       0x28 C:\Progetti\DemoKit\stk_board\lpc_chip_15xx\Debug\liblpc_chip_15xx.a(swm_15xx.o)
                0x0000140c                Chip_SWM_MovablePinAssign
 .text.Chip_SWM_EnableFixedPin
                0x00001434       0x28 C:\Progetti\DemoKit\stk_board\lpc_chip_15xx\Debug\liblpc_chip_15xx.a(swm_15xx.o)
                0x00001434                Chip_SWM_EnableFixedPin
 .text.Chip_SYSCTL_AssertPeriphReset
                0x0000145c       0x2c C:\Progetti\DemoKit\stk_board\lpc_chip_15xx\Debug\liblpc_chip_15xx.a(sysctl_15xx.o)
                0x0000145c                Chip_SYSCTL_AssertPeriphReset
 .text.Chip_SYSCTL_DeassertPeriphReset
                0x00001488       0x30 C:\Progetti\DemoKit\stk_board\lpc_chip_15xx\Debug\liblpc_chip_15xx.a(sysctl_15xx.o)
                0x00001488                Chip_SYSCTL_DeassertPeriphReset
 .text.Chip_SYSCTL_PowerDown
                0x000014b8       0x1c C:\Progetti\DemoKit\stk_board\lpc_chip_15xx\Debug\liblpc_chip_15xx.a(sysctl_15xx.o)
                0x000014b8                Chip_SYSCTL_PowerDown
 .text.Chip_SYSCTL_PowerUp
                0x000014d4       0x24 C:\Progetti\DemoKit\stk_board\lpc_chip_15xx\Debug\liblpc_chip_15xx.a(sysctl_15xx.o)
                0x000014d4                Chip_SYSCTL_PowerUp
 .text.Chip_SetupIrcClocking
                0x000014f8       0x5c C:\Progetti\DemoKit\stk_board\lpc_chip_15xx\Debug\liblpc_chip_15xx.a(sysinit_15xx.o)
                0x000014f8                Chip_SetupIrcClocking
 .text.Chip_SystemInit
                0x00001554        0x8 C:\Progetti\DemoKit\stk_board\lpc_chip_15xx\Debug\liblpc_chip_15xx.a(sysinit_15xx.o)
                0x00001554                Chip_SystemInit
 .text.__main   0x0000155c       0x14 c:/nxp/lpcxpresso_7.4.0_229/lpcxpresso/tools/bin/../lib/gcc/arm-none-eabi/4.8.4/../../../../arm-none-eabi/lib/armv7-m\libcr_semihost.a(_cr__main.o)
                0x0000155c                __CR_SEMIHOST
                0x0000155c                __main
 .text._initio  0x00001570       0xa4 c:/nxp/lpcxpresso_7.4.0_229/lpcxpresso/tools/bin/../lib/gcc/arm-none-eabi/4.8.4/../../../../arm-none-eabi/lib/armv7-m\libcr_c.a(initio.o)
                0x00001570                _initio
 .text.setvbuf  0x00001614       0x40 c:/nxp/lpcxpresso_7.4.0_229/lpcxpresso/tools/bin/../lib/gcc/arm-none-eabi/4.8.4/../../../../arm-none-eabi/lib/armv7-m\libcr_c.a(setvbuf.o)
                0x00001614                setvbuf
 .text.memset   0x00001654        0x4 c:/nxp/lpcxpresso_7.4.0_229/lpcxpresso/tools/bin/../lib/gcc/arm-none-eabi/4.8.4/../../../../arm-none-eabi/lib/armv7-m\libcr_c.a(memset.o)
                0x00001654                memset
 .text._deferredlazyseek
                0x00001658       0x44 c:/nxp/lpcxpresso_7.4.0_229/lpcxpresso/tools/bin/../lib/gcc/arm-none-eabi/4.8.4/../../../../arm-none-eabi/lib/armv7-m\libcr_c.a(_deferredlazyseek.o)
                0x00001658                _deferredlazyseek
 .text._fdopen  0x0000169c       0x6a c:/nxp/lpcxpresso_7.4.0_229/lpcxpresso/tools/bin/../lib/gcc/arm-none-eabi/4.8.4/../../../../arm-none-eabi/lib/armv7-m\libcr_c.a(_fdopen.o)
                0x0000169c                _fdopen
 .text._fflush  0x00001706       0x58 c:/nxp/lpcxpresso_7.4.0_229/lpcxpresso/tools/bin/../lib/gcc/arm-none-eabi/4.8.4/../../../../arm-none-eabi/lib/armv7-m\libcr_c.a(_fflush.o)
                0x00001706                _fflush
 *fill*         0x0000175e        0x2 
 .text._Cwritebuf
                0x00001760       0x70 c:/nxp/lpcxpresso_7.4.0_229/lpcxpresso/tools/bin/../lib/gcc/arm-none-eabi/4.8.4/../../../../arm-none-eabi/lib/armv7-m\libcr_c.a(_writebuf.o)
                0x00001760                _Cwritebuf
 .text.malloc   0x000017d0       0xc4 c:/nxp/lpcxpresso_7.4.0_229/lpcxpresso/tools/bin/../lib/gcc/arm-none-eabi/4.8.4/../../../../arm-none-eabi/lib/armv7-m\libcr_c.a(alloc.o)
                0x000017d0                malloc
 .text.free     0x00001894        0xc c:/nxp/lpcxpresso_7.4.0_229/lpcxpresso/tools/bin/../lib/gcc/arm-none-eabi/4.8.4/../../../../arm-none-eabi/lib/armv7-m\libcr_c.a(alloc.o)
                0x00001894                free
 .text._Csys_alloc
                0x000018a0       0x20 c:/nxp/lpcxpresso_7.4.0_229/lpcxpresso/tools/bin/../lib/gcc/arm-none-eabi/4.8.4/../../../../arm-none-eabi/lib/armv7-m\libcr_c.a(alloc.o)
                0x000018a0                _Csys_alloc
 .text.fclose   0x000018c0       0x6c c:/nxp/lpcxpresso_7.4.0_229/lpcxpresso/tools/bin/../lib/gcc/arm-none-eabi/4.8.4/../../../../arm-none-eabi/lib/armv7-m\libcr_c.a(fclose.o)
                0x000018c0                fclose
 .text.fflush   0x0000192c       0x30 c:/nxp/lpcxpresso_7.4.0_229/lpcxpresso/tools/bin/../lib/gcc/arm-none-eabi/4.8.4/../../../../arm-none-eabi/lib/armv7-m\libcr_c.a(fflush.o)
                0x0000192c                fflush
 .text.fseek    0x0000195c      0x10c c:/nxp/lpcxpresso_7.4.0_229/lpcxpresso/tools/bin/../lib/gcc/arm-none-eabi/4.8.4/../../../../arm-none-eabi/lib/armv7-m\libcr_c.a(fseek.o)
                0x0000195c                fseek
 .text.ftell    0x00001a68       0x4c c:/nxp/lpcxpresso_7.4.0_229/lpcxpresso/tools/bin/../lib/gcc/arm-none-eabi/4.8.4/../../../../arm-none-eabi/lib/armv7-m\libcr_c.a(ftell.o)
                0x00001a68                ftell
 .text.remove   0x00001ab4       0x14 c:/nxp/lpcxpresso_7.4.0_229/lpcxpresso/tools/bin/../lib/gcc/arm-none-eabi/4.8.4/../../../../arm-none-eabi/lib/armv7-m\libcr_c.a(remove.o)
                0x00001ab4                remove
 .text.strlen   0x00001ac8       0x4a c:/nxp/lpcxpresso_7.4.0_229/lpcxpresso/tools/bin/../lib/gcc/arm-none-eabi/4.8.4/../../../../arm-none-eabi/lib/armv7-m\libcr_c.a(strlen.o)
                0x00001ac8                strlen
 *fill*         0x00001b12        0x2 
 .text._sbrk    0x00001b14       0x40 c:/nxp/lpcxpresso_7.4.0_229/lpcxpresso/tools/bin/../lib/gcc/arm-none-eabi/4.8.4/../../../../arm-none-eabi/lib/armv7-m\libcr_c.a(_cr_sbrk.o)
                0x00001b14                _sbrk
 .text._do_fflush
                0x00001b54       0x44 c:/nxp/lpcxpresso_7.4.0_229/lpcxpresso/tools/bin/../lib/gcc/arm-none-eabi/4.8.4/../../../../arm-none-eabi/lib/armv7-m\libcr_c.a(_do_fflush.o)
                0x00001b54                _do_fflush
 .text.__check_heap_overflow
                0x00001b98       0x18 c:/nxp/lpcxpresso_7.4.0_229/lpcxpresso/tools/bin/../lib/gcc/arm-none-eabi/4.8.4/../../../../arm-none-eabi/lib/armv7-m\libcr_c.a(_cr_check_heap.o)
                0x00001b98                __check_heap_overflow
 .text.__aeabi_dmul
                0x00001bb0      0x12c c:/nxp/lpcxpresso_7.4.0_229/lpcxpresso/tools/bin/../lib/gcc/arm-none-eabi/4.8.4/armv7-m\libcr_eabihelpers.a(double.o)
                0x00001bb0                __aeabi_dmul
 .text.__aeabi_ddiv
                0x00001cdc      0x16c c:/nxp/lpcxpresso_7.4.0_229/lpcxpresso/tools/bin/../lib/gcc/arm-none-eabi/4.8.4/armv7-m\libcr_eabihelpers.a(double.o)
                0x00001cdc                __aeabi_ddiv
 .text.__aeabi_dsub
                0x00001e48      0x228 c:/nxp/lpcxpresso_7.4.0_229/lpcxpresso/tools/bin/../lib/gcc/arm-none-eabi/4.8.4/armv7-m\libcr_eabihelpers.a(double.o)
                0x00001e48                __aeabi_dsub
 .text.__aeabi_dadd
                0x00002070      0x178 c:/nxp/lpcxpresso_7.4.0_229/lpcxpresso/tools/bin/../lib/gcc/arm-none-eabi/4.8.4/armv7-m\libcr_eabihelpers.a(double.o)
                0x00002070                __aeabi_dadd
 .text.__aeabi_d2f
                0x000021e8       0x58 c:/nxp/lpcxpresso_7.4.0_229/lpcxpresso/tools/bin/../lib/gcc/arm-none-eabi/4.8.4/armv7-m\libcr_eabihelpers.a(double.o)
                0x000021e8                __aeabi_d2f
 .text.__aeabi_d2iz
                0x00002240       0x4c c:/nxp/lpcxpresso_7.4.0_229/lpcxpresso/tools/bin/../lib/gcc/arm-none-eabi/4.8.4/armv7-m\libcr_eabihelpers.a(double.o)
                0x00002240                __aeabi_d2iz
 .text.__bhs_ui2d
                0x0000228c       0x48 c:/nxp/lpcxpresso_7.4.0_229/lpcxpresso/tools/bin/../lib/gcc/arm-none-eabi/4.8.4/armv7-m\libcr_eabihelpers.a(double.o)
                0x0000228c                __bhs_ui2d
 .text.__aeabi_i2d
                0x000022d4       0x10 c:/nxp/lpcxpresso_7.4.0_229/lpcxpresso/tools/bin/../lib/gcc/arm-none-eabi/4.8.4/armv7-m\libcr_eabihelpers.a(double.o)
                0x000022d4                __aeabi_i2d
 .text.__aeabi_ui2d
                0x000022e4        0x8 c:/nxp/lpcxpresso_7.4.0_229/lpcxpresso/tools/bin/../lib/gcc/arm-none-eabi/4.8.4/armv7-m\libcr_eabihelpers.a(double.o)
                0x000022e4                __aeabi_ui2d
 .text.__aeabi_fmul
                0x000022ec       0xbc c:/nxp/lpcxpresso_7.4.0_229/lpcxpresso/tools/bin/../lib/gcc/arm-none-eabi/4.8.4/armv7-m\libcr_eabihelpers.a(float.o)
                0x000022ec                __aeabi_fmul
 .text.__aeabi_fdiv
                0x000023a8       0xc0 c:/nxp/lpcxpresso_7.4.0_229/lpcxpresso/tools/bin/../lib/gcc/arm-none-eabi/4.8.4/armv7-m\libcr_eabihelpers.a(float.o)
                0x000023a8                __aeabi_fdiv
 .text.__aeabi_f2iz
                0x00002468       0x34 c:/nxp/lpcxpresso_7.4.0_229/lpcxpresso/tools/bin/../lib/gcc/arm-none-eabi/4.8.4/armv7-m\libcr_eabihelpers.a(float.o)
                0x00002468                __aeabi_f2iz
 .text.__aeabi_f2d
                0x0000249c       0x44 c:/nxp/lpcxpresso_7.4.0_229/lpcxpresso/tools/bin/../lib/gcc/arm-none-eabi/4.8.4/armv7-m\libcr_eabihelpers.a(float.o)
                0x0000249c                __aeabi_f2d
 .text.__aeabi_fcmpgt
                0x000024e0       0x3c c:/nxp/lpcxpresso_7.4.0_229/lpcxpresso/tools/bin/../lib/gcc/arm-none-eabi/4.8.4/armv7-m\libcr_eabihelpers.a(float.o)
                0x000024e0                __aeabi_fcmpgt
 .text.__aeabi_memset_lowlevel
                0x0000251c       0x38 c:/nxp/lpcxpresso_7.4.0_229/lpcxpresso/tools/bin/../lib/gcc/arm-none-eabi/4.8.4/armv7-m\libcr_eabihelpers.a(memcpy.o)
                0x0000251c                __aeabi_lowlevel_memset
 .text.__sys_appexit
                0x00002554        0xc c:/nxp/lpcxpresso_7.4.0_229/lpcxpresso/tools/bin/../lib/gcc/arm-none-eabi/4.8.4/../../../../arm-none-eabi/lib/armv7-m\libcr_semihost.a(__sys_appexit.o)
                0x00002554                __sys_appexit
                0x00002554                __exit
 .text.__sys_close
                0x00002560        0xc c:/nxp/lpcxpresso_7.4.0_229/lpcxpresso/tools/bin/../lib/gcc/arm-none-eabi/4.8.4/../../../../arm-none-eabi/lib/armv7-m\libcr_semihost.a(__sys_close.o)
                0x00002560                __sys_close
 .text.__sys_flen
                0x0000256c        0xc c:/nxp/lpcxpresso_7.4.0_229/lpcxpresso/tools/bin/../lib/gcc/arm-none-eabi/4.8.4/../../../../arm-none-eabi/lib/armv7-m\libcr_semihost.a(__sys_flen.o)
                0x0000256c                __sys_flen
 .text.__sys_istty
                0x00002578        0xc c:/nxp/lpcxpresso_7.4.0_229/lpcxpresso/tools/bin/../lib/gcc/arm-none-eabi/4.8.4/../../../../arm-none-eabi/lib/armv7-m\libcr_semihost.a(__sys_istty.o)
                0x00002578                __sys_istty
 .text.__sys_remove
                0x00002584        0xc c:/nxp/lpcxpresso_7.4.0_229/lpcxpresso/tools/bin/../lib/gcc/arm-none-eabi/4.8.4/../../../../arm-none-eabi/lib/armv7-m\libcr_semihost.a(__sys_remove.o)
                0x00002584                __sys_remove
 .text.__sys_seek
                0x00002590        0xc c:/nxp/lpcxpresso_7.4.0_229/lpcxpresso/tools/bin/../lib/gcc/arm-none-eabi/4.8.4/../../../../arm-none-eabi/lib/armv7-m\libcr_semihost.a(__sys_seek.o)
                0x00002590                __sys_seek
 .text.__sys_tmpnam
                0x0000259c        0xc c:/nxp/lpcxpresso_7.4.0_229/lpcxpresso/tools/bin/../lib/gcc/arm-none-eabi/4.8.4/../../../../arm-none-eabi/lib/armv7-m\libcr_semihost.a(__sys_tmpnam.o)
                0x0000259c                __sys_tmpnam
 .text.__sys_write
                0x000025a8        0xc c:/nxp/lpcxpresso_7.4.0_229/lpcxpresso/tools/bin/../lib/gcc/arm-none-eabi/4.8.4/../../../../arm-none-eabi/lib/armv7-m\libcr_semihost.a(__sys_write.o)
                0x000025a8                __sys_write
                0x000025a8                __write
 *(.rodata .rodata.* .constdata .constdata.*)
 .rodata.OscRateIn
                0x000025b4        0x4 ./example/src/sysinit.o
                0x000025b4                OscRateIn
 .rodata.RTCOscRateIn
                0x000025b8        0x4 ./example/src/sysinit.o
                0x000025b8                RTCOscRateIn
 .rodata.str1.1
                0x000025bc        0x4 c:/nxp/lpcxpresso_7.4.0_229/lpcxpresso/tools/bin/../lib/gcc/arm-none-eabi/4.8.4/../../../../arm-none-eabi/lib/armv7-m\libcr_c.a(initio.o)
 .rodata.str1.1
                0x000025c0       0x18 c:/nxp/lpcxpresso_7.4.0_229/lpcxpresso/tools/bin/../lib/gcc/arm-none-eabi/4.8.4/../../../../arm-none-eabi/lib/armv7-m\libcr_c.a(alloc.o)
                0x000025d8                . = ALIGN (0x4)

.glue_7         0x000025d8        0x0
 .glue_7        0x00000000        0x0 linker stubs

.glue_7t        0x000025d8        0x0
 .glue_7t       0x00000000        0x0 linker stubs

.vfp11_veneer   0x000025d8        0x0
 .vfp11_veneer  0x00000000        0x0 linker stubs

.v4_bx          0x000025d8        0x0
 .v4_bx         0x00000000        0x0 linker stubs

.iplt           0x000025d8        0x0
 .iplt          0x00000000        0x0 ./example/src/BoardInit.o

.rel.dyn        0x000025d8        0x0
 .rel.iplt      0x00000000        0x0 ./example/src/BoardInit.o

.ARM.extab
 *(.ARM.extab* .gnu.linkonce.armextab.*)
                0x000025d8                __exidx_start = .

.ARM.exidx
 *(.ARM.exidx* .gnu.linkonce.armexidx.*)
                0x000025d8                __exidx_end = .
                0x000025d8                _etext = .

.data_RAM2      0x02004000        0x0 load address 0x000025d8
 FILL mask 0xff
 *(.ramfunc.$RAM2)
 *(.ramfunc.$Ram1_16)
 *(.data.$RAM2*)
 *(.data.$Ram1_16*)
                0x02004000                . = ALIGN (0x4)

.data_RAM3      0x02008000        0x0 load address 0x000025d8
 FILL mask 0xff
 *(.ramfunc.$RAM3)
 *(.ramfunc.$Ram2_4)
 *(.data.$RAM3*)
 *(.data.$Ram2_4*)
                0x02008000                . = ALIGN (0x4)

.uninit_RESERVED
                0x02000000        0x0
 *(.bss.$RESERVED*)
                0x02000000                . = ALIGN (0x4)
                0x02000000                _end_uninit_RESERVED = .

.data           0x02000000      0x1c0 load address 0x000025d8
 FILL mask 0xff
                0x02000000                _data = .
 *(vtable)
 *(.ramfunc*)
 *(.data*)
 .data.sinx     0x02000000       0xdc ./example/src/STKfw.o
                0x02000000                sinx
 .data.square   0x020000dc       0xdc ./example/src/STKfw.o
                0x020000dc                square
 .data.freq1    0x020001b8        0x4 ./example/src/STKfw.o
                0x020001b8                freq1
 .data.freq2    0x020001bc        0x4 ./example/src/STKfw.o
                0x020001bc                freq2
                0x020001c0                . = ALIGN (0x4)
                0x020001c0                _edata = .

.igot.plt       0x020001c0        0x0 load address 0x00002798
 .igot.plt      0x00000000        0x0 ./example/src/BoardInit.o

.bss_RAM2       0x02004000        0x0
 *(.bss.$RAM2*)
 *(.bss.$Ram1_16*)
                0x02004000                . = ALIGN (0x4)

.bss_RAM3       0x02008000        0x0
 *(.bss.$RAM3*)
 *(.bss.$Ram2_4*)
                0x02008000                . = ALIGN (0x4)

.bss            0x020001c0      0x16c
                0x020001c0                _bss = .
 *(.bss*)
 .bss.sequence0Complete
                0x020001c0        0x1 ./example/src/STKfw.o
 *fill*         0x020001c1        0x3 
 .bss.cnt1      0x020001c4        0x4 ./example/src/STKfw.o
                0x020001c4                cnt1
 .bss.cnt2      0x020001c8        0x4 ./example/src/STKfw.o
                0x020001c8                cnt2
 .bss.blink.7843
                0x020001cc        0x4 ./example/src/STKfw.o
 .bss.count.7860
                0x020001d0        0x4 ./example/src/STKfw.o
 .bss.errno     0x020001d4        0x4 c:/nxp/lpcxpresso_7.4.0_229/lpcxpresso/tools/bin/../lib/gcc/arm-none-eabi/4.8.4/../../../../arm-none-eabi/lib/armv7-m\libcr_c.a(errno.o)
                0x020001d4                errno
 *(COMMON)
 COMMON         0x020001d8        0x4 ./example/src/STKfw.o
                0x020001d8                vout
 COMMON         0x020001dc        0x4 C:\Progetti\DemoKit\stk_board\lpc_chip_15xx\Debug\liblpc_chip_15xx.a(chip_15xx.o)
                0x020001dc                SystemCoreClock
 COMMON         0x020001e0        0x4 c:/nxp/lpcxpresso_7.4.0_229/lpcxpresso/tools/bin/../lib/gcc/arm-none-eabi/4.8.4/../../../../arm-none-eabi/lib/armv7-m\libcr_c.a(initio.o)
                0x020001e0                _extra
 COMMON         0x020001e4      0x140 c:/nxp/lpcxpresso_7.4.0_229/lpcxpresso/tools/bin/../lib/gcc/arm-none-eabi/4.8.4/../../../../arm-none-eabi/lib/armv7-m\libcr_c.a(stdio.o)
                0x020001e4                __Ciob
 COMMON         0x02000324        0x8 c:/nxp/lpcxpresso_7.4.0_229/lpcxpresso/tools/bin/../lib/gcc/arm-none-eabi/4.8.4/../../../../arm-none-eabi/lib/armv7-m\libcr_c.a(__init_alloc.o)
                0x02000324                __heaps
                0x02000328                __end_of_heap
                0x0200032c                . = ALIGN (0x4)
                0x0200032c                _ebss = .
                0x0200032c                PROVIDE (end, .)

.noinit_RAM2    0x02004000        0x0
 *(.noinit.$RAM2*)
 *(.noinit.$Ram1_16*)
                0x02004000                . = ALIGN (0x4)

.noinit_RAM3    0x02008000        0x0
 *(.noinit.$RAM3*)
 *(.noinit.$Ram2_4*)
                0x02008000                . = ALIGN (0x4)

.noinit         0x0200032c        0x0
                0x0200032c                _noinit = .
 *(.noinit*)
                0x0200032c                . = ALIGN (0x4)
                0x0200032c                _end_noinit = .
                0x0200032c                PROVIDE (_pvHeapStart, DEFINED (__user_heap_base)?__user_heap_base:.)
                0x02004000                PROVIDE (_vStackTop, DEFINED (__user_stack_top)?__user_stack_top:(__top_Ram0_16 - 0x0))
OUTPUT(STKfw.axf elf32-littlearm)

.debug_info     0x00000000     0x821f
 .debug_info    0x00000000     0x1542 ./example/src/BoardInit.o
 .debug_info    0x00001542     0x13ae ./example/src/STKfw.o
 .debug_info    0x000028f0      0x25a ./example/src/cr_startup_lpc15xx.o
 .debug_info    0x00002b4a      0x1d3 ./example/src/sysinit.o
 .debug_info    0x00002d1d      0x9f0 C:\Progetti\DemoKit\stk_board\lpc_chip_15xx\Debug\liblpc_chip_15xx.a(adc_15xx.o)
 .debug_info    0x0000370d      0xa73 C:\Progetti\DemoKit\stk_board\lpc_chip_15xx\Debug\liblpc_chip_15xx.a(chip_15xx.o)
 .debug_info    0x00004180      0xebe C:\Progetti\DemoKit\stk_board\lpc_chip_15xx\Debug\liblpc_chip_15xx.a(clock_15xx.o)
 .debug_info    0x0000503e      0x794 C:\Progetti\DemoKit\stk_board\lpc_chip_15xx\Debug\liblpc_chip_15xx.a(gpio_15xx.o)
 .debug_info    0x000057d2      0xac0 C:\Progetti\DemoKit\stk_board\lpc_chip_15xx\Debug\liblpc_chip_15xx.a(sct_15xx.o)
 .debug_info    0x00006292      0x916 C:\Progetti\DemoKit\stk_board\lpc_chip_15xx\Debug\liblpc_chip_15xx.a(sct_pwm_15xx.o)
 .debug_info    0x00006ba8      0x644 C:\Progetti\DemoKit\stk_board\lpc_chip_15xx\Debug\liblpc_chip_15xx.a(swm_15xx.o)
 .debug_info    0x000071ec      0x742 C:\Progetti\DemoKit\stk_board\lpc_chip_15xx\Debug\liblpc_chip_15xx.a(sysctl_15xx.o)
 .debug_info    0x0000792e      0x8f1 C:\Progetti\DemoKit\stk_board\lpc_chip_15xx\Debug\liblpc_chip_15xx.a(sysinit_15xx.o)

.debug_abbrev   0x00000000     0x1a61
 .debug_abbrev  0x00000000      0x296 ./example/src/BoardInit.o
 .debug_abbrev  0x00000296      0x356 ./example/src/STKfw.o
 .debug_abbrev  0x000005ec       0xe6 ./example/src/cr_startup_lpc15xx.o
 .debug_abbrev  0x000006d2       0x98 ./example/src/sysinit.o
 .debug_abbrev  0x0000076a      0x230 C:\Progetti\DemoKit\stk_board\lpc_chip_15xx\Debug\liblpc_chip_15xx.a(adc_15xx.o)
 .debug_abbrev  0x0000099a      0x223 C:\Progetti\DemoKit\stk_board\lpc_chip_15xx\Debug\liblpc_chip_15xx.a(chip_15xx.o)
 .debug_abbrev  0x00000bbd      0x356 C:\Progetti\DemoKit\stk_board\lpc_chip_15xx\Debug\liblpc_chip_15xx.a(clock_15xx.o)
 .debug_abbrev  0x00000f13      0x200 C:\Progetti\DemoKit\stk_board\lpc_chip_15xx\Debug\liblpc_chip_15xx.a(gpio_15xx.o)
 .debug_abbrev  0x00001113      0x282 C:\Progetti\DemoKit\stk_board\lpc_chip_15xx\Debug\liblpc_chip_15xx.a(sct_15xx.o)
 .debug_abbrev  0x00001395      0x247 C:\Progetti\DemoKit\stk_board\lpc_chip_15xx\Debug\liblpc_chip_15xx.a(sct_pwm_15xx.o)
 .debug_abbrev  0x000015dc      0x13c C:\Progetti\DemoKit\stk_board\lpc_chip_15xx\Debug\liblpc_chip_15xx.a(swm_15xx.o)
 .debug_abbrev  0x00001718      0x14d C:\Progetti\DemoKit\stk_board\lpc_chip_15xx\Debug\liblpc_chip_15xx.a(sysctl_15xx.o)
 .debug_abbrev  0x00001865      0x1fc C:\Progetti\DemoKit\stk_board\lpc_chip_15xx\Debug\liblpc_chip_15xx.a(sysinit_15xx.o)

.debug_aranges  0x00000000      0x4e8
 .debug_aranges
                0x00000000       0xc0 ./example/src/BoardInit.o
 .debug_aranges
                0x000000c0       0xa8 ./example/src/STKfw.o
 .debug_aranges
                0x00000168       0x80 ./example/src/cr_startup_lpc15xx.o
 .debug_aranges
                0x000001e8       0x20 ./example/src/sysinit.o
 .debug_aranges
                0x00000208       0x90 C:\Progetti\DemoKit\stk_board\lpc_chip_15xx\Debug\liblpc_chip_15xx.a(adc_15xx.o)
 .debug_aranges
                0x00000298       0x28 C:\Progetti\DemoKit\stk_board\lpc_chip_15xx\Debug\liblpc_chip_15xx.a(chip_15xx.o)
 .debug_aranges
                0x000002c0       0xc8 C:\Progetti\DemoKit\stk_board\lpc_chip_15xx\Debug\liblpc_chip_15xx.a(clock_15xx.o)
 .debug_aranges
                0x00000388       0x48 C:\Progetti\DemoKit\stk_board\lpc_chip_15xx\Debug\liblpc_chip_15xx.a(gpio_15xx.o)
 .debug_aranges
                0x000003d0       0x38 C:\Progetti\DemoKit\stk_board\lpc_chip_15xx\Debug\liblpc_chip_15xx.a(sct_15xx.o)
 .debug_aranges
                0x00000408       0x28 C:\Progetti\DemoKit\stk_board\lpc_chip_15xx\Debug\liblpc_chip_15xx.a(sct_pwm_15xx.o)
 .debug_aranges
                0x00000430       0x40 C:\Progetti\DemoKit\stk_board\lpc_chip_15xx\Debug\liblpc_chip_15xx.a(swm_15xx.o)
 .debug_aranges
                0x00000470       0x48 C:\Progetti\DemoKit\stk_board\lpc_chip_15xx\Debug\liblpc_chip_15xx.a(sysctl_15xx.o)
 .debug_aranges
                0x000004b8       0x30 C:\Progetti\DemoKit\stk_board\lpc_chip_15xx\Debug\liblpc_chip_15xx.a(sysinit_15xx.o)

.debug_ranges   0x00000000      0x418
 .debug_ranges  0x00000000       0xb0 ./example/src/BoardInit.o
 .debug_ranges  0x000000b0       0x98 ./example/src/STKfw.o
 .debug_ranges  0x00000148       0x70 ./example/src/cr_startup_lpc15xx.o
 .debug_ranges  0x000001b8       0x10 ./example/src/sysinit.o
 .debug_ranges  0x000001c8       0x80 C:\Progetti\DemoKit\stk_board\lpc_chip_15xx\Debug\liblpc_chip_15xx.a(adc_15xx.o)
 .debug_ranges  0x00000248       0x18 C:\Progetti\DemoKit\stk_board\lpc_chip_15xx\Debug\liblpc_chip_15xx.a(chip_15xx.o)
 .debug_ranges  0x00000260       0xb8 C:\Progetti\DemoKit\stk_board\lpc_chip_15xx\Debug\liblpc_chip_15xx.a(clock_15xx.o)
 .debug_ranges  0x00000318       0x38 C:\Progetti\DemoKit\stk_board\lpc_chip_15xx\Debug\liblpc_chip_15xx.a(gpio_15xx.o)
 .debug_ranges  0x00000350       0x28 C:\Progetti\DemoKit\stk_board\lpc_chip_15xx\Debug\liblpc_chip_15xx.a(sct_15xx.o)
 .debug_ranges  0x00000378       0x18 C:\Progetti\DemoKit\stk_board\lpc_chip_15xx\Debug\liblpc_chip_15xx.a(sct_pwm_15xx.o)
 .debug_ranges  0x00000390       0x30 C:\Progetti\DemoKit\stk_board\lpc_chip_15xx\Debug\liblpc_chip_15xx.a(swm_15xx.o)
 .debug_ranges  0x000003c0       0x38 C:\Progetti\DemoKit\stk_board\lpc_chip_15xx\Debug\liblpc_chip_15xx.a(sysctl_15xx.o)
 .debug_ranges  0x000003f8       0x20 C:\Progetti\DemoKit\stk_board\lpc_chip_15xx\Debug\liblpc_chip_15xx.a(sysinit_15xx.o)

.debug_macro    0x00000000     0x552d
 .debug_macro   0x00000000      0x242 ./example/src/BoardInit.o
 .debug_macro   0x00000242      0x856 ./example/src/BoardInit.o
 .debug_macro   0x00000a98       0x10 ./example/src/BoardInit.o
 .debug_macro   0x00000aa8      0x12d ./example/src/BoardInit.o
 .debug_macro   0x00000bd5      0x5b2 ./example/src/BoardInit.o
 .debug_macro   0x00001187       0x22 ./example/src/BoardInit.o
 .debug_macro   0x000011a9       0x7b ./example/src/BoardInit.o
 .debug_macro   0x00001224       0x10 ./example/src/BoardInit.o
 .debug_macro   0x00001234       0x2d ./example/src/BoardInit.o
 .debug_macro   0x00001261       0x3a ./example/src/BoardInit.o
 .debug_macro   0x0000129b       0x2d ./example/src/BoardInit.o
 .debug_macro   0x000012c8      0xa7d ./example/src/BoardInit.o
 .debug_macro   0x00001d45      0x1b4 ./example/src/BoardInit.o
 .debug_macro   0x00001ef9       0xca ./example/src/BoardInit.o
 .debug_macro   0x00001fc3       0x18 ./example/src/BoardInit.o
 .debug_macro   0x00001fdb       0xb2 ./example/src/BoardInit.o
 .debug_macro   0x0000208d       0x70 ./example/src/BoardInit.o
 .debug_macro   0x000020fd       0x46 ./example/src/BoardInit.o
 .debug_macro   0x00002143       0xd0 ./example/src/BoardInit.o
 .debug_macro   0x00002213       0x40 ./example/src/BoardInit.o
 .debug_macro   0x00002253      0x233 ./example/src/BoardInit.o
 .debug_macro   0x00002486       0x16 ./example/src/BoardInit.o
 .debug_macro   0x0000249c       0x88 ./example/src/BoardInit.o
 .debug_macro   0x00002524       0x34 ./example/src/BoardInit.o
 .debug_macro   0x00002558       0x6a ./example/src/BoardInit.o
 .debug_macro   0x000025c2       0x40 ./example/src/BoardInit.o
 .debug_macro   0x00002602       0x1c ./example/src/BoardInit.o
 .debug_macro   0x0000261e       0x16 ./example/src/BoardInit.o
 .debug_macro   0x00002634      0x10c ./example/src/BoardInit.o
 .debug_macro   0x00002740      0x2a9 ./example/src/BoardInit.o
 .debug_macro   0x000029e9       0x76 ./example/src/BoardInit.o
 .debug_macro   0x00002a5f       0x22 ./example/src/BoardInit.o
 .debug_macro   0x00002a81      0x152 ./example/src/BoardInit.o
 .debug_macro   0x00002bd3       0x82 ./example/src/BoardInit.o
 .debug_macro   0x00002c55       0xe6 ./example/src/BoardInit.o
 .debug_macro   0x00002d3b       0x3a ./example/src/BoardInit.o
 .debug_macro   0x00002d75       0x34 ./example/src/BoardInit.o
 .debug_macro   0x00002da9       0x10 ./example/src/BoardInit.o
 .debug_macro   0x00002db9       0x76 ./example/src/BoardInit.o
 .debug_macro   0x00002e2f       0x58 ./example/src/BoardInit.o
 .debug_macro   0x00002e87      0x2ca ./example/src/BoardInit.o
 .debug_macro   0x00003151      0x22b ./example/src/BoardInit.o
 .debug_macro   0x0000337c       0x2e ./example/src/BoardInit.o
 .debug_macro   0x000033aa       0x64 ./example/src/BoardInit.o
 .debug_macro   0x0000340e      0x248 ./example/src/STKfw.o
 .debug_macro   0x00003656       0x23 ./example/src/cr_startup_lpc15xx.o
 .debug_macro   0x00003679      0x239 ./example/src/sysinit.o
 .debug_macro   0x000038b2      0x239 C:\Progetti\DemoKit\stk_board\lpc_chip_15xx\Debug\liblpc_chip_15xx.a(adc_15xx.o)
 .debug_macro   0x00003aeb      0x856 C:\Progetti\DemoKit\stk_board\lpc_chip_15xx\Debug\liblpc_chip_15xx.a(adc_15xx.o)
 .debug_macro   0x00004341      0x239 C:\Progetti\DemoKit\stk_board\lpc_chip_15xx\Debug\liblpc_chip_15xx.a(chip_15xx.o)
 .debug_macro   0x0000457a      0x239 C:\Progetti\DemoKit\stk_board\lpc_chip_15xx\Debug\liblpc_chip_15xx.a(clock_15xx.o)
 .debug_macro   0x000047b3      0x239 C:\Progetti\DemoKit\stk_board\lpc_chip_15xx\Debug\liblpc_chip_15xx.a(gpio_15xx.o)
 .debug_macro   0x000049ec      0x239 C:\Progetti\DemoKit\stk_board\lpc_chip_15xx\Debug\liblpc_chip_15xx.a(sct_15xx.o)
 .debug_macro   0x00004c25      0x239 C:\Progetti\DemoKit\stk_board\lpc_chip_15xx\Debug\liblpc_chip_15xx.a(sct_pwm_15xx.o)
 .debug_macro   0x00004e5e      0x245 C:\Progetti\DemoKit\stk_board\lpc_chip_15xx\Debug\liblpc_chip_15xx.a(swm_15xx.o)
 .debug_macro   0x000050a3      0x251 C:\Progetti\DemoKit\stk_board\lpc_chip_15xx\Debug\liblpc_chip_15xx.a(sysctl_15xx.o)
 .debug_macro   0x000052f4      0x239 C:\Progetti\DemoKit\stk_board\lpc_chip_15xx\Debug\liblpc_chip_15xx.a(sysinit_15xx.o)

.debug_line     0x00000000     0x3be4
 .debug_line    0x00000000      0x5e2 ./example/src/BoardInit.o
 .debug_line    0x000005e2      0x60d ./example/src/STKfw.o
 .debug_line    0x00000bef       0xe2 ./example/src/cr_startup_lpc15xx.o
 .debug_line    0x00000cd1      0x41e ./example/src/sysinit.o
 .debug_line    0x000010ef      0x53c C:\Progetti\DemoKit\stk_board\lpc_chip_15xx\Debug\liblpc_chip_15xx.a(adc_15xx.o)
 .debug_line    0x0000162b      0x461 C:\Progetti\DemoKit\stk_board\lpc_chip_15xx\Debug\liblpc_chip_15xx.a(chip_15xx.o)
 .debug_line    0x00001a8c      0x659 C:\Progetti\DemoKit\stk_board\lpc_chip_15xx\Debug\liblpc_chip_15xx.a(clock_15xx.o)
 .debug_line    0x000020e5      0x493 C:\Progetti\DemoKit\stk_board\lpc_chip_15xx\Debug\liblpc_chip_15xx.a(gpio_15xx.o)
 .debug_line    0x00002578      0x45c C:\Progetti\DemoKit\stk_board\lpc_chip_15xx\Debug\liblpc_chip_15xx.a(sct_15xx.o)
 .debug_line    0x000029d4      0x453 C:\Progetti\DemoKit\stk_board\lpc_chip_15xx\Debug\liblpc_chip_15xx.a(sct_pwm_15xx.o)
 .debug_line    0x00002e27      0x468 C:\Progetti\DemoKit\stk_board\lpc_chip_15xx\Debug\liblpc_chip_15xx.a(swm_15xx.o)
 .debug_line    0x0000328f      0x488 C:\Progetti\DemoKit\stk_board\lpc_chip_15xx\Debug\liblpc_chip_15xx.a(sysctl_15xx.o)
 .debug_line    0x00003717      0x4cd C:\Progetti\DemoKit\stk_board\lpc_chip_15xx\Debug\liblpc_chip_15xx.a(sysinit_15xx.o)

.debug_str      0x00000000    0x1232a
 .debug_str     0x00000000    0x10781 ./example/src/BoardInit.o
                              0x1085e (size before relaxing)
 .debug_str     0x00010781      0x238 ./example/src/STKfw.o
                               0xfd4f (size before relaxing)
 .debug_str     0x000109b9      0x1ff ./example/src/cr_startup_lpc15xx.o
                               0x25b5 (size before relaxing)
 .debug_str     0x00010bb8       0x19 ./example/src/sysinit.o
                               0xf2fe (size before relaxing)
 .debug_str     0x00010bd1      0x52b C:\Progetti\DemoKit\stk_board\lpc_chip_15xx\Debug\liblpc_chip_15xx.a(adc_15xx.o)
                               0xf8a3 (size before relaxing)
 .debug_str     0x000110fc      0x448 C:\Progetti\DemoKit\stk_board\lpc_chip_15xx\Debug\liblpc_chip_15xx.a(chip_15xx.o)
                               0xfc61 (size before relaxing)
 .debug_str     0x00011544      0x830 C:\Progetti\DemoKit\stk_board\lpc_chip_15xx\Debug\liblpc_chip_15xx.a(clock_15xx.o)
                               0xffc0 (size before relaxing)
 .debug_str     0x00011d74       0xef C:\Progetti\DemoKit\stk_board\lpc_chip_15xx\Debug\liblpc_chip_15xx.a(gpio_15xx.o)
                               0xf6fa (size before relaxing)
 .debug_str     0x00011e63       0x91 C:\Progetti\DemoKit\stk_board\lpc_chip_15xx\Debug\liblpc_chip_15xx.a(sct_15xx.o)
                               0xf811 (size before relaxing)
 .debug_str     0x00011ef4       0x7d C:\Progetti\DemoKit\stk_board\lpc_chip_15xx\Debug\liblpc_chip_15xx.a(sct_pwm_15xx.o)
                               0xf3d7 (size before relaxing)
 .debug_str     0x00011f71      0x15f C:\Progetti\DemoKit\stk_board\lpc_chip_15xx\Debug\liblpc_chip_15xx.a(swm_15xx.o)
                               0xfb92 (size before relaxing)
 .debug_str     0x000120d0      0x11b C:\Progetti\DemoKit\stk_board\lpc_chip_15xx\Debug\liblpc_chip_15xx.a(sysctl_15xx.o)
                               0xf677 (size before relaxing)
 .debug_str     0x000121eb      0x13f C:\Progetti\DemoKit\stk_board\lpc_chip_15xx\Debug\liblpc_chip_15xx.a(sysinit_15xx.o)
                               0xf6c7 (size before relaxing)

.comment        0x00000000       0x70
 .comment       0x00000000       0x70 ./example/src/BoardInit.o
                                 0x71 (size before relaxing)
 .comment       0x00000000       0x71 ./example/src/STKfw.o
 .comment       0x00000000       0x71 ./example/src/cr_startup_lpc15xx.o
 .comment       0x00000000       0x71 ./example/src/sysinit.o
 .comment       0x00000000       0x71 C:\Progetti\DemoKit\stk_board\lpc_chip_15xx\Debug\liblpc_chip_15xx.a(adc_15xx.o)
 .comment       0x00000000       0x71 C:\Progetti\DemoKit\stk_board\lpc_chip_15xx\Debug\liblpc_chip_15xx.a(chip_15xx.o)
 .comment       0x00000000       0x71 C:\Progetti\DemoKit\stk_board\lpc_chip_15xx\Debug\liblpc_chip_15xx.a(clock_15xx.o)
 .comment       0x00000000       0x71 C:\Progetti\DemoKit\stk_board\lpc_chip_15xx\Debug\liblpc_chip_15xx.a(gpio_15xx.o)
 .comment       0x00000000       0x71 C:\Progetti\DemoKit\stk_board\lpc_chip_15xx\Debug\liblpc_chip_15xx.a(sct_15xx.o)
 .comment       0x00000000       0x71 C:\Progetti\DemoKit\stk_board\lpc_chip_15xx\Debug\liblpc_chip_15xx.a(sct_pwm_15xx.o)
 .comment       0x00000000       0x71 C:\Progetti\DemoKit\stk_board\lpc_chip_15xx\Debug\liblpc_chip_15xx.a(swm_15xx.o)
 .comment       0x00000000       0x71 C:\Progetti\DemoKit\stk_board\lpc_chip_15xx\Debug\liblpc_chip_15xx.a(sysctl_15xx.o)
 .comment       0x00000000       0x71 C:\Progetti\DemoKit\stk_board\lpc_chip_15xx\Debug\liblpc_chip_15xx.a(sysinit_15xx.o)
 .comment       0x00000000       0x71 c:/nxp/lpcxpresso_7.4.0_229/lpcxpresso/tools/bin/../lib/gcc/arm-none-eabi/4.8.4/../../../../arm-none-eabi/lib/armv7-m\libcr_semihost.a(_cr__main.o)
 .comment       0x00000000       0x71 c:/nxp/lpcxpresso_7.4.0_229/lpcxpresso/tools/bin/../lib/gcc/arm-none-eabi/4.8.4/../../../../arm-none-eabi/lib/armv7-m\libcr_c.a(initio.o)
 .comment       0x00000000       0x71 c:/nxp/lpcxpresso_7.4.0_229/lpcxpresso/tools/bin/../lib/gcc/arm-none-eabi/4.8.4/../../../../arm-none-eabi/lib/armv7-m\libcr_c.a(setvbuf.o)
 .comment       0x00000000       0x71 c:/nxp/lpcxpresso_7.4.0_229/lpcxpresso/tools/bin/../lib/gcc/arm-none-eabi/4.8.4/../../../../arm-none-eabi/lib/armv7-m\libcr_c.a(stdio.o)
 .comment       0x00000000       0x71 c:/nxp/lpcxpresso_7.4.0_229/lpcxpresso/tools/bin/../lib/gcc/arm-none-eabi/4.8.4/../../../../arm-none-eabi/lib/armv7-m\libcr_c.a(memset.o)
 .comment       0x00000000       0x71 c:/nxp/lpcxpresso_7.4.0_229/lpcxpresso/tools/bin/../lib/gcc/arm-none-eabi/4.8.4/../../../../arm-none-eabi/lib/armv7-m\libcr_c.a(_deferredlazyseek.o)
 .comment       0x00000000       0x71 c:/nxp/lpcxpresso_7.4.0_229/lpcxpresso/tools/bin/../lib/gcc/arm-none-eabi/4.8.4/../../../../arm-none-eabi/lib/armv7-m\libcr_c.a(_fdopen.o)
 .comment       0x00000000       0x71 c:/nxp/lpcxpresso_7.4.0_229/lpcxpresso/tools/bin/../lib/gcc/arm-none-eabi/4.8.4/../../../../arm-none-eabi/lib/armv7-m\libcr_c.a(_fflush.o)
 .comment       0x00000000       0x71 c:/nxp/lpcxpresso_7.4.0_229/lpcxpresso/tools/bin/../lib/gcc/arm-none-eabi/4.8.4/../../../../arm-none-eabi/lib/armv7-m\libcr_c.a(_writebuf.o)
 .comment       0x00000000       0x71 c:/nxp/lpcxpresso_7.4.0_229/lpcxpresso/tools/bin/../lib/gcc/arm-none-eabi/4.8.4/../../../../arm-none-eabi/lib/armv7-m\libcr_c.a(alloc.o)
 .comment       0x00000000       0x71 c:/nxp/lpcxpresso_7.4.0_229/lpcxpresso/tools/bin/../lib/gcc/arm-none-eabi/4.8.4/../../../../arm-none-eabi/lib/armv7-m\libcr_c.a(fclose.o)
 .comment       0x00000000       0x71 c:/nxp/lpcxpresso_7.4.0_229/lpcxpresso/tools/bin/../lib/gcc/arm-none-eabi/4.8.4/../../../../arm-none-eabi/lib/armv7-m\libcr_c.a(fflush.o)
 .comment       0x00000000       0x71 c:/nxp/lpcxpresso_7.4.0_229/lpcxpresso/tools/bin/../lib/gcc/arm-none-eabi/4.8.4/../../../../arm-none-eabi/lib/armv7-m\libcr_c.a(fseek.o)
 .comment       0x00000000       0x71 c:/nxp/lpcxpresso_7.4.0_229/lpcxpresso/tools/bin/../lib/gcc/arm-none-eabi/4.8.4/../../../../arm-none-eabi/lib/armv7-m\libcr_c.a(ftell.o)
 .comment       0x00000000       0x71 c:/nxp/lpcxpresso_7.4.0_229/lpcxpresso/tools/bin/../lib/gcc/arm-none-eabi/4.8.4/../../../../arm-none-eabi/lib/armv7-m\libcr_c.a(remove.o)
 .comment       0x00000000       0x71 c:/nxp/lpcxpresso_7.4.0_229/lpcxpresso/tools/bin/../lib/gcc/arm-none-eabi/4.8.4/../../../../arm-none-eabi/lib/armv7-m\libcr_c.a(strlen.o)
 .comment       0x00000000       0x71 c:/nxp/lpcxpresso_7.4.0_229/lpcxpresso/tools/bin/../lib/gcc/arm-none-eabi/4.8.4/../../../../arm-none-eabi/lib/armv7-m\libcr_c.a(__init_alloc.o)
 .comment       0x00000000       0x71 c:/nxp/lpcxpresso_7.4.0_229/lpcxpresso/tools/bin/../lib/gcc/arm-none-eabi/4.8.4/../../../../arm-none-eabi/lib/armv7-m\libcr_c.a(_cr_sbrk.o)
 .comment       0x00000000       0x71 c:/nxp/lpcxpresso_7.4.0_229/lpcxpresso/tools/bin/../lib/gcc/arm-none-eabi/4.8.4/../../../../arm-none-eabi/lib/armv7-m\libcr_c.a(_do_fflush.o)
 .comment       0x00000000       0x71 c:/nxp/lpcxpresso_7.4.0_229/lpcxpresso/tools/bin/../lib/gcc/arm-none-eabi/4.8.4/../../../../arm-none-eabi/lib/armv7-m\libcr_c.a(errno.o)
 .comment       0x00000000       0x71 c:/nxp/lpcxpresso_7.4.0_229/lpcxpresso/tools/bin/../lib/gcc/arm-none-eabi/4.8.4/../../../../arm-none-eabi/lib/armv7-m\libcr_c.a(_cr_check_heap.o)
 .comment       0x00000000       0x71 c:/nxp/lpcxpresso_7.4.0_229/lpcxpresso/tools/bin/../lib/gcc/arm-none-eabi/4.8.4/armv7-m\libcr_eabihelpers.a(double.o)
 .comment       0x00000000       0x71 c:/nxp/lpcxpresso_7.4.0_229/lpcxpresso/tools/bin/../lib/gcc/arm-none-eabi/4.8.4/armv7-m\libcr_eabihelpers.a(float.o)

.ARM.attributes
                0x00000000       0x31
 .ARM.attributes
                0x00000000       0x33 ./example/src/BoardInit.o
 .ARM.attributes
                0x00000033       0x33 ./example/src/STKfw.o
 .ARM.attributes
                0x00000066       0x33 ./example/src/cr_startup_lpc15xx.o
 .ARM.attributes
                0x00000099       0x33 ./example/src/sysinit.o
 .ARM.attributes
                0x000000cc       0x33 C:\Progetti\DemoKit\stk_board\lpc_chip_15xx\Debug\liblpc_chip_15xx.a(adc_15xx.o)
 .ARM.attributes
                0x000000ff       0x33 C:\Progetti\DemoKit\stk_board\lpc_chip_15xx\Debug\liblpc_chip_15xx.a(chip_15xx.o)
 .ARM.attributes
                0x00000132       0x33 C:\Progetti\DemoKit\stk_board\lpc_chip_15xx\Debug\liblpc_chip_15xx.a(clock_15xx.o)
 .ARM.attributes
                0x00000165       0x33 C:\Progetti\DemoKit\stk_board\lpc_chip_15xx\Debug\liblpc_chip_15xx.a(gpio_15xx.o)
 .ARM.attributes
                0x00000198       0x33 C:\Progetti\DemoKit\stk_board\lpc_chip_15xx\Debug\liblpc_chip_15xx.a(sct_15xx.o)
 .ARM.attributes
                0x000001cb       0x33 C:\Progetti\DemoKit\stk_board\lpc_chip_15xx\Debug\liblpc_chip_15xx.a(sct_pwm_15xx.o)
 .ARM.attributes
                0x000001fe       0x33 C:\Progetti\DemoKit\stk_board\lpc_chip_15xx\Debug\liblpc_chip_15xx.a(swm_15xx.o)
 .ARM.attributes
                0x00000231       0x33 C:\Progetti\DemoKit\stk_board\lpc_chip_15xx\Debug\liblpc_chip_15xx.a(sysctl_15xx.o)
 .ARM.attributes
                0x00000264       0x33 C:\Progetti\DemoKit\stk_board\lpc_chip_15xx\Debug\liblpc_chip_15xx.a(sysinit_15xx.o)
 .ARM.attributes
                0x00000297       0x33 c:/nxp/lpcxpresso_7.4.0_229/lpcxpresso/tools/bin/../lib/gcc/arm-none-eabi/4.8.4/../../../../arm-none-eabi/lib/armv7-m\libcr_semihost.a(_cr__main.o)
 .ARM.attributes
                0x000002ca       0x33 c:/nxp/lpcxpresso_7.4.0_229/lpcxpresso/tools/bin/../lib/gcc/arm-none-eabi/4.8.4/../../../../arm-none-eabi/lib/armv7-m\libcr_c.a(initio.o)
 .ARM.attributes
                0x000002fd       0x33 c:/nxp/lpcxpresso_7.4.0_229/lpcxpresso/tools/bin/../lib/gcc/arm-none-eabi/4.8.4/../../../../arm-none-eabi/lib/armv7-m\libcr_c.a(setvbuf.o)
 .ARM.attributes
                0x00000330       0x33 c:/nxp/lpcxpresso_7.4.0_229/lpcxpresso/tools/bin/../lib/gcc/arm-none-eabi/4.8.4/../../../../arm-none-eabi/lib/armv7-m\libcr_c.a(stdio.o)
 .ARM.attributes
                0x00000363       0x33 c:/nxp/lpcxpresso_7.4.0_229/lpcxpresso/tools/bin/../lib/gcc/arm-none-eabi/4.8.4/../../../../arm-none-eabi/lib/armv7-m\libcr_c.a(memset.o)
 .ARM.attributes
                0x00000396       0x33 c:/nxp/lpcxpresso_7.4.0_229/lpcxpresso/tools/bin/../lib/gcc/arm-none-eabi/4.8.4/../../../../arm-none-eabi/lib/armv7-m\libcr_c.a(_deferredlazyseek.o)
 .ARM.attributes
                0x000003c9       0x33 c:/nxp/lpcxpresso_7.4.0_229/lpcxpresso/tools/bin/../lib/gcc/arm-none-eabi/4.8.4/../../../../arm-none-eabi/lib/armv7-m\libcr_c.a(_fdopen.o)
 .ARM.attributes
                0x000003fc       0x33 c:/nxp/lpcxpresso_7.4.0_229/lpcxpresso/tools/bin/../lib/gcc/arm-none-eabi/4.8.4/../../../../arm-none-eabi/lib/armv7-m\libcr_c.a(_fflush.o)
 .ARM.attributes
                0x0000042f       0x33 c:/nxp/lpcxpresso_7.4.0_229/lpcxpresso/tools/bin/../lib/gcc/arm-none-eabi/4.8.4/../../../../arm-none-eabi/lib/armv7-m\libcr_c.a(_writebuf.o)
 .ARM.attributes
                0x00000462       0x33 c:/nxp/lpcxpresso_7.4.0_229/lpcxpresso/tools/bin/../lib/gcc/arm-none-eabi/4.8.4/../../../../arm-none-eabi/lib/armv7-m\libcr_c.a(alloc.o)
 .ARM.attributes
                0x00000495       0x33 c:/nxp/lpcxpresso_7.4.0_229/lpcxpresso/tools/bin/../lib/gcc/arm-none-eabi/4.8.4/../../../../arm-none-eabi/lib/armv7-m\libcr_c.a(fclose.o)
 .ARM.attributes
                0x000004c8       0x33 c:/nxp/lpcxpresso_7.4.0_229/lpcxpresso/tools/bin/../lib/gcc/arm-none-eabi/4.8.4/../../../../arm-none-eabi/lib/armv7-m\libcr_c.a(fflush.o)
 .ARM.attributes
                0x000004fb       0x33 c:/nxp/lpcxpresso_7.4.0_229/lpcxpresso/tools/bin/../lib/gcc/arm-none-eabi/4.8.4/../../../../arm-none-eabi/lib/armv7-m\libcr_c.a(fseek.o)
 .ARM.attributes
                0x0000052e       0x33 c:/nxp/lpcxpresso_7.4.0_229/lpcxpresso/tools/bin/../lib/gcc/arm-none-eabi/4.8.4/../../../../arm-none-eabi/lib/armv7-m\libcr_c.a(ftell.o)
 .ARM.attributes
                0x00000561       0x33 c:/nxp/lpcxpresso_7.4.0_229/lpcxpresso/tools/bin/../lib/gcc/arm-none-eabi/4.8.4/../../../../arm-none-eabi/lib/armv7-m\libcr_c.a(remove.o)
 .ARM.attributes
                0x00000594       0x33 c:/nxp/lpcxpresso_7.4.0_229/lpcxpresso/tools/bin/../lib/gcc/arm-none-eabi/4.8.4/../../../../arm-none-eabi/lib/armv7-m\libcr_c.a(strlen.o)
 .ARM.attributes
                0x000005c7       0x33 c:/nxp/lpcxpresso_7.4.0_229/lpcxpresso/tools/bin/../lib/gcc/arm-none-eabi/4.8.4/../../../../arm-none-eabi/lib/armv7-m\libcr_c.a(__init_alloc.o)
 .ARM.attributes
                0x000005fa       0x33 c:/nxp/lpcxpresso_7.4.0_229/lpcxpresso/tools/bin/../lib/gcc/arm-none-eabi/4.8.4/../../../../arm-none-eabi/lib/armv7-m\libcr_c.a(_cr_sbrk.o)
 .ARM.attributes
                0x0000062d       0x33 c:/nxp/lpcxpresso_7.4.0_229/lpcxpresso/tools/bin/../lib/gcc/arm-none-eabi/4.8.4/../../../../arm-none-eabi/lib/armv7-m\libcr_c.a(_do_fflush.o)
 .ARM.attributes
                0x00000660       0x33 c:/nxp/lpcxpresso_7.4.0_229/lpcxpresso/tools/bin/../lib/gcc/arm-none-eabi/4.8.4/../../../../arm-none-eabi/lib/armv7-m\libcr_c.a(errno.o)
 .ARM.attributes
                0x00000693       0x33 c:/nxp/lpcxpresso_7.4.0_229/lpcxpresso/tools/bin/../lib/gcc/arm-none-eabi/4.8.4/../../../../arm-none-eabi/lib/armv7-m\libcr_c.a(_cr_check_heap.o)
 .ARM.attributes
                0x000006c6       0x33 c:/nxp/lpcxpresso_7.4.0_229/lpcxpresso/tools/bin/../lib/gcc/arm-none-eabi/4.8.4/armv7-m\libcr_eabihelpers.a(double.o)
 .ARM.attributes
                0x000006f9       0x33 c:/nxp/lpcxpresso_7.4.0_229/lpcxpresso/tools/bin/../lib/gcc/arm-none-eabi/4.8.4/armv7-m\libcr_eabihelpers.a(float.o)
 .ARM.attributes
                0x0000072c       0x21 c:/nxp/lpcxpresso_7.4.0_229/lpcxpresso/tools/bin/../lib/gcc/arm-none-eabi/4.8.4/armv7-m\libcr_eabihelpers.a(memcpy.o)
 .ARM.attributes
                0x0000074d       0x21 c:/nxp/lpcxpresso_7.4.0_229/lpcxpresso/tools/bin/../lib/gcc/arm-none-eabi/4.8.4/../../../../arm-none-eabi/lib/armv7-m\libcr_semihost.a(__sys_appexit.o)
 .ARM.attributes
                0x0000076e       0x21 c:/nxp/lpcxpresso_7.4.0_229/lpcxpresso/tools/bin/../lib/gcc/arm-none-eabi/4.8.4/../../../../arm-none-eabi/lib/armv7-m\libcr_semihost.a(__sys_close.o)
 .ARM.attributes
                0x0000078f       0x21 c:/nxp/lpcxpresso_7.4.0_229/lpcxpresso/tools/bin/../lib/gcc/arm-none-eabi/4.8.4/../../../../arm-none-eabi/lib/armv7-m\libcr_semihost.a(__sys_flen.o)
 .ARM.attributes
                0x000007b0       0x21 c:/nxp/lpcxpresso_7.4.0_229/lpcxpresso/tools/bin/../lib/gcc/arm-none-eabi/4.8.4/../../../../arm-none-eabi/lib/armv7-m\libcr_semihost.a(__sys_istty.o)
 .ARM.attributes
                0x000007d1       0x21 c:/nxp/lpcxpresso_7.4.0_229/lpcxpresso/tools/bin/../lib/gcc/arm-none-eabi/4.8.4/../../../../arm-none-eabi/lib/armv7-m\libcr_semihost.a(__sys_remove.o)
 .ARM.attributes
                0x000007f2       0x21 c:/nxp/lpcxpresso_7.4.0_229/lpcxpresso/tools/bin/../lib/gcc/arm-none-eabi/4.8.4/../../../../arm-none-eabi/lib/armv7-m\libcr_semihost.a(__sys_seek.o)
 .ARM.attributes
                0x00000813       0x21 c:/nxp/lpcxpresso_7.4.0_229/lpcxpresso/tools/bin/../lib/gcc/arm-none-eabi/4.8.4/../../../../arm-none-eabi/lib/armv7-m\libcr_semihost.a(__sys_tmpnam.o)
 .ARM.attributes
                0x00000834       0x21 c:/nxp/lpcxpresso_7.4.0_229/lpcxpresso/tools/bin/../lib/gcc/arm-none-eabi/4.8.4/../../../../arm-none-eabi/lib/armv7-m\libcr_semihost.a(__sys_write.o)

.debug_frame    0x00000000      0xc30
 .debug_frame   0x00000000      0x274 ./example/src/BoardInit.o
 .debug_frame   0x00000274      0x238 ./example/src/STKfw.o
 .debug_frame   0x000004ac      0x158 ./example/src/cr_startup_lpc15xx.o
 .debug_frame   0x00000604       0x2c ./example/src/sysinit.o
 .debug_frame   0x00000630      0x154 C:\Progetti\DemoKit\stk_board\lpc_chip_15xx\Debug\liblpc_chip_15xx.a(adc_15xx.o)
 .debug_frame   0x00000784       0x40 C:\Progetti\DemoKit\stk_board\lpc_chip_15xx\Debug\liblpc_chip_15xx.a(chip_15xx.o)
 .debug_frame   0x000007c4      0x1dc C:\Progetti\DemoKit\stk_board\lpc_chip_15xx\Debug\liblpc_chip_15xx.a(clock_15xx.o)
 .debug_frame   0x000009a0       0x90 C:\Progetti\DemoKit\stk_board\lpc_chip_15xx\Debug\liblpc_chip_15xx.a(gpio_15xx.o)
 .debug_frame   0x00000a30       0x68 C:\Progetti\DemoKit\stk_board\lpc_chip_15xx\Debug\liblpc_chip_15xx.a(sct_15xx.o)
 .debug_frame   0x00000a98       0x44 C:\Progetti\DemoKit\stk_board\lpc_chip_15xx\Debug\liblpc_chip_15xx.a(sct_pwm_15xx.o)
 .debug_frame   0x00000adc       0x80 C:\Progetti\DemoKit\stk_board\lpc_chip_15xx\Debug\liblpc_chip_15xx.a(swm_15xx.o)
 .debug_frame   0x00000b5c       0x78 C:\Progetti\DemoKit\stk_board\lpc_chip_15xx\Debug\liblpc_chip_15xx.a(sysctl_15xx.o)
 .debug_frame   0x00000bd4       0x5c C:\Progetti\DemoKit\stk_board\lpc_chip_15xx\Debug\liblpc_chip_15xx.a(sysinit_15xx.o)

.debug_loc      0x00000000     0x11f8
 .debug_loc     0x00000000      0x3c5 C:\Progetti\DemoKit\stk_board\lpc_chip_15xx\Debug\liblpc_chip_15xx.a(adc_15xx.o)
 .debug_loc     0x000003c5      0x45d C:\Progetti\DemoKit\stk_board\lpc_chip_15xx\Debug\liblpc_chip_15xx.a(clock_15xx.o)
 .debug_loc     0x00000822      0x42d C:\Progetti\DemoKit\stk_board\lpc_chip_15xx\Debug\liblpc_chip_15xx.a(gpio_15xx.o)
 .debug_loc     0x00000c4f      0x1a0 C:\Progetti\DemoKit\stk_board\lpc_chip_15xx\Debug\liblpc_chip_15xx.a(sct_15xx.o)
 .debug_loc     0x00000def       0x91 C:\Progetti\DemoKit\stk_board\lpc_chip_15xx\Debug\liblpc_chip_15xx.a(sct_pwm_15xx.o)
 .debug_loc     0x00000e80      0x1eb C:\Progetti\DemoKit\stk_board\lpc_chip_15xx\Debug\liblpc_chip_15xx.a(swm_15xx.o)
 .debug_loc     0x0000106b      0x167 C:\Progetti\DemoKit\stk_board\lpc_chip_15xx\Debug\liblpc_chip_15xx.a(sysctl_15xx.o)
 .debug_loc     0x000011d2       0x26 C:\Progetti\DemoKit\stk_board\lpc_chip_15xx\Debug\liblpc_chip_15xx.a(sysinit_15xx.o)
