09:04:25 **** Build of configuration Debug for project lpc_chip_15xx ****
make -r all 
Building file: ../src/acmp_15xx.c
Invoking: MCU C Compiler
arm-none-eabi-gcc -D__REDLIB__ -DDEBUG -D__CODE_RED -D__USE_LPCOPEN -DCORE_M3 -I"C:\Progetti\DemoKit\stk_board\lpc_chip_15xx\inc" -Og -g3 -Wall -c -fmessage-length=0 -fno-builtin -ffunction-sections -fdata-sections -mcpu=cortex-m3 -mthumb -specs=redlib.specs -MMD -MP -MF"src/acmp_15xx.d" -MT"src/acmp_15xx.o" -MT"src/acmp_15xx.d" -o "src/acmp_15xx.o" "../src/acmp_15xx.c"
Finished building: ../src/acmp_15xx.c
 
Building file: ../src/adc_15xx.c
Invoking: MCU C Compiler
arm-none-eabi-gcc -D__REDLIB__ -DDEBUG -D__CODE_RED -D__USE_LPCOPEN -DCORE_M3 -I"C:\Progetti\DemoKit\stk_board\lpc_chip_15xx\inc" -Og -g3 -Wall -c -fmessage-length=0 -fno-builtin -ffunction-sections -fdata-sections -mcpu=cortex-m3 -mthumb -specs=redlib.specs -MMD -MP -MF"src/adc_15xx.d" -MT"src/adc_15xx.o" -MT"src/adc_15xx.d" -o "src/adc_15xx.o" "../src/adc_15xx.c"
Finished building: ../src/adc_15xx.c
 
Building file: ../src/chip_15xx.c
Invoking: MCU C Compiler
arm-none-eabi-gcc -D__REDLIB__ -DDEBUG -D__CODE_RED -D__USE_LPCOPEN -DCORE_M3 -I"C:\Progetti\DemoKit\stk_board\lpc_chip_15xx\inc" -Og -g3 -Wall -c -fmessage-length=0 -fno-builtin -ffunction-sections -fdata-sections -mcpu=cortex-m3 -mthumb -specs=redlib.specs -MMD -MP -MF"src/chip_15xx.d" -MT"src/chip_15xx.o" -MT"src/chip_15xx.d" -o "src/chip_15xx.o" "../src/chip_15xx.c"
Finished building: ../src/chip_15xx.c
 
Building file: ../src/clock_15xx.c
Invoking: MCU C Compiler
arm-none-eabi-gcc -D__REDLIB__ -DDEBUG -D__CODE_RED -D__USE_LPCOPEN -DCORE_M3 -I"C:\Progetti\DemoKit\stk_board\lpc_chip_15xx\inc" -Og -g3 -Wall -c -fmessage-length=0 -fno-builtin -ffunction-sections -fdata-sections -mcpu=cortex-m3 -mthumb -specs=redlib.specs -MMD -MP -MF"src/clock_15xx.d" -MT"src/clock_15xx.o" -MT"src/clock_15xx.d" -o "src/clock_15xx.o" "../src/clock_15xx.c"
Finished building: ../src/clock_15xx.c
 
Building file: ../src/crc_15xx.c
Invoking: MCU C Compiler
arm-none-eabi-gcc -D__REDLIB__ -DDEBUG -D__CODE_RED -D__USE_LPCOPEN -DCORE_M3 -I"C:\Progetti\DemoKit\stk_board\lpc_chip_15xx\inc" -Og -g3 -Wall -c -fmessage-length=0 -fno-builtin -ffunction-sections -fdata-sections -mcpu=cortex-m3 -mthumb -specs=redlib.specs -MMD -MP -MF"src/crc_15xx.d" -MT"src/crc_15xx.o" -MT"src/crc_15xx.d" -o "src/crc_15xx.o" "../src/crc_15xx.c"
Finished building: ../src/crc_15xx.c
 
Building file: ../src/dac_15xx.c
Invoking: MCU C Compiler
arm-none-eabi-gcc -D__REDLIB__ -DDEBUG -D__CODE_RED -D__USE_LPCOPEN -DCORE_M3 -I"C:\Progetti\DemoKit\stk_board\lpc_chip_15xx\inc" -Og -g3 -Wall -c -fmessage-length=0 -fno-builtin -ffunction-sections -fdata-sections -mcpu=cortex-m3 -mthumb -specs=redlib.specs -MMD -MP -MF"src/dac_15xx.d" -MT"src/dac_15xx.o" -MT"src/dac_15xx.d" -o "src/dac_15xx.o" "../src/dac_15xx.c"
Finished building: ../src/dac_15xx.c
 
Building file: ../src/dma_15xx.c
Invoking: MCU C Compiler
arm-none-eabi-gcc -D__REDLIB__ -DDEBUG -D__CODE_RED -D__USE_LPCOPEN -DCORE_M3 -I"C:\Progetti\DemoKit\stk_board\lpc_chip_15xx\inc" -Og -g3 -Wall -c -fmessage-length=0 -fno-builtin -ffunction-sections -fdata-sections -mcpu=cortex-m3 -mthumb -specs=redlib.specs -MMD -MP -MF"src/dma_15xx.d" -MT"src/dma_15xx.o" -MT"src/dma_15xx.d" -o "src/dma_15xx.o" "../src/dma_15xx.c"
Finished building: ../src/dma_15xx.c
 
Building file: ../src/eeprom.c
Invoking: MCU C Compiler
arm-none-eabi-gcc -D__REDLIB__ -DDEBUG -D__CODE_RED -D__USE_LPCOPEN -DCORE_M3 -I"C:\Progetti\DemoKit\stk_board\lpc_chip_15xx\inc" -Og -g3 -Wall -c -fmessage-length=0 -fno-builtin -ffunction-sections -fdata-sections -mcpu=cortex-m3 -mthumb -specs=redlib.specs -MMD -MP -MF"src/eeprom.d" -MT"src/eeprom.o" -MT"src/eeprom.d" -o "src/eeprom.o" "../src/eeprom.c"
Finished building: ../src/eeprom.c
 
Building file: ../src/gpio_15xx.c
Invoking: MCU C Compiler
arm-none-eabi-gcc -D__REDLIB__ -DDEBUG -D__CODE_RED -D__USE_LPCOPEN -DCORE_M3 -I"C:\Progetti\DemoKit\stk_board\lpc_chip_15xx\inc" -Og -g3 -Wall -c -fmessage-length=0 -fno-builtin -ffunction-sections -fdata-sections -mcpu=cortex-m3 -mthumb -specs=redlib.specs -MMD -MP -MF"src/gpio_15xx.d" -MT"src/gpio_15xx.o" -MT"src/gpio_15xx.d" -o "src/gpio_15xx.o" "../src/gpio_15xx.c"
Finished building: ../src/gpio_15xx.c
 
Building file: ../src/i2c_common_15xx.c
Invoking: MCU C Compiler
arm-none-eabi-gcc -D__REDLIB__ -DDEBUG -D__CODE_RED -D__USE_LPCOPEN -DCORE_M3 -I"C:\Progetti\DemoKit\stk_board\lpc_chip_15xx\inc" -Og -g3 -Wall -c -fmessage-length=0 -fno-builtin -ffunction-sections -fdata-sections -mcpu=cortex-m3 -mthumb -specs=redlib.specs -MMD -MP -MF"src/i2c_common_15xx.d" -MT"src/i2c_common_15xx.o" -MT"src/i2c_common_15xx.d" -o "src/i2c_common_15xx.o" "../src/i2c_common_15xx.c"
Finished building: ../src/i2c_common_15xx.c
 
Building file: ../src/i2cm_15xx.c
Invoking: MCU C Compiler
arm-none-eabi-gcc -D__REDLIB__ -DDEBUG -D__CODE_RED -D__USE_LPCOPEN -DCORE_M3 -I"C:\Progetti\DemoKit\stk_board\lpc_chip_15xx\inc" -Og -g3 -Wall -c -fmessage-length=0 -fno-builtin -ffunction-sections -fdata-sections -mcpu=cortex-m3 -mthumb -specs=redlib.specs -MMD -MP -MF"src/i2cm_15xx.d" -MT"src/i2cm_15xx.o" -MT"src/i2cm_15xx.d" -o "src/i2cm_15xx.o" "../src/i2cm_15xx.c"
Finished building: ../src/i2cm_15xx.c
 
Building file: ../src/i2cs_15xx.c
Invoking: MCU C Compiler
arm-none-eabi-gcc -D__REDLIB__ -DDEBUG -D__CODE_RED -D__USE_LPCOPEN -DCORE_M3 -I"C:\Progetti\DemoKit\stk_board\lpc_chip_15xx\inc" -Og -g3 -Wall -c -fmessage-length=0 -fno-builtin -ffunction-sections -fdata-sections -mcpu=cortex-m3 -mthumb -specs=redlib.specs -MMD -MP -MF"src/i2cs_15xx.d" -MT"src/i2cs_15xx.o" -MT"src/i2cs_15xx.d" -o "src/i2cs_15xx.o" "../src/i2cs_15xx.c"
Finished building: ../src/i2cs_15xx.c
 
Building file: ../src/iap.c
Invoking: MCU C Compiler
arm-none-eabi-gcc -D__REDLIB__ -DDEBUG -D__CODE_RED -D__USE_LPCOPEN -DCORE_M3 -I"C:\Progetti\DemoKit\stk_board\lpc_chip_15xx\inc" -Og -g3 -Wall -c -fmessage-length=0 -fno-builtin -ffunction-sections -fdata-sections -mcpu=cortex-m3 -mthumb -specs=redlib.specs -MMD -MP -MF"src/iap.d" -MT"src/iap.o" -MT"src/iap.d" -o "src/iap.o" "../src/iap.c"
Finished building: ../src/iap.c
 
Building file: ../src/iocon_15xx.c
Invoking: MCU C Compiler
arm-none-eabi-gcc -D__REDLIB__ -DDEBUG -D__CODE_RED -D__USE_LPCOPEN -DCORE_M3 -I"C:\Progetti\DemoKit\stk_board\lpc_chip_15xx\inc" -Og -g3 -Wall -c -fmessage-length=0 -fno-builtin -ffunction-sections -fdata-sections -mcpu=cortex-m3 -mthumb -specs=redlib.specs -MMD -MP -MF"src/iocon_15xx.d" -MT"src/iocon_15xx.o" -MT"src/iocon_15xx.d" -o "src/iocon_15xx.o" "../src/iocon_15xx.c"
Finished building: ../src/iocon_15xx.c
 
Building file: ../src/pinint_15xx.c
Invoking: MCU C Compiler
arm-none-eabi-gcc -D__REDLIB__ -DDEBUG -D__CODE_RED -D__USE_LPCOPEN -DCORE_M3 -I"C:\Progetti\DemoKit\stk_board\lpc_chip_15xx\inc" -Og -g3 -Wall -c -fmessage-length=0 -fno-builtin -ffunction-sections -fdata-sections -mcpu=cortex-m3 -mthumb -specs=redlib.specs -MMD -MP -MF"src/pinint_15xx.d" -MT"src/pinint_15xx.o" -MT"src/pinint_15xx.d" -o "src/pinint_15xx.o" "../src/pinint_15xx.c"
Finished building: ../src/pinint_15xx.c
 
Building file: ../src/pmu_15xx.c
Invoking: MCU C Compiler
arm-none-eabi-gcc -D__REDLIB__ -DDEBUG -D__CODE_RED -D__USE_LPCOPEN -DCORE_M3 -I"C:\Progetti\DemoKit\stk_board\lpc_chip_15xx\inc" -Og -g3 -Wall -c -fmessage-length=0 -fno-builtin -ffunction-sections -fdata-sections -mcpu=cortex-m3 -mthumb -specs=redlib.specs -MMD -MP -MF"src/pmu_15xx.d" -MT"src/pmu_15xx.o" -MT"src/pmu_15xx.d" -o "src/pmu_15xx.o" "../src/pmu_15xx.c"
Finished building: ../src/pmu_15xx.c
 
Building file: ../src/ring_buffer.c
Invoking: MCU C Compiler
arm-none-eabi-gcc -D__REDLIB__ -DDEBUG -D__CODE_RED -D__USE_LPCOPEN -DCORE_M3 -I"C:\Progetti\DemoKit\stk_board\lpc_chip_15xx\inc" -Og -g3 -Wall -c -fmessage-length=0 -fno-builtin -ffunction-sections -fdata-sections -mcpu=cortex-m3 -mthumb -specs=redlib.specs -MMD -MP -MF"src/ring_buffer.d" -MT"src/ring_buffer.o" -MT"src/ring_buffer.d" -o "src/ring_buffer.o" "../src/ring_buffer.c"
Finished building: ../src/ring_buffer.c
 
Building file: ../src/ritimer_15xx.c
Invoking: MCU C Compiler
arm-none-eabi-gcc -D__REDLIB__ -DDEBUG -D__CODE_RED -D__USE_LPCOPEN -DCORE_M3 -I"C:\Progetti\DemoKit\stk_board\lpc_chip_15xx\inc" -Og -g3 -Wall -c -fmessage-length=0 -fno-builtin -ffunction-sections -fdata-sections -mcpu=cortex-m3 -mthumb -specs=redlib.specs -MMD -MP -MF"src/ritimer_15xx.d" -MT"src/ritimer_15xx.o" -MT"src/ritimer_15xx.d" -o "src/ritimer_15xx.o" "../src/ritimer_15xx.c"
Finished building: ../src/ritimer_15xx.c
 
Building file: ../src/rtc_15xx.c
Invoking: MCU C Compiler
arm-none-eabi-gcc -D__REDLIB__ -DDEBUG -D__CODE_RED -D__USE_LPCOPEN -DCORE_M3 -I"C:\Progetti\DemoKit\stk_board\lpc_chip_15xx\inc" -Og -g3 -Wall -c -fmessage-length=0 -fno-builtin -ffunction-sections -fdata-sections -mcpu=cortex-m3 -mthumb -specs=redlib.specs -MMD -MP -MF"src/rtc_15xx.d" -MT"src/rtc_15xx.o" -MT"src/rtc_15xx.d" -o "src/rtc_15xx.o" "../src/rtc_15xx.c"
Finished building: ../src/rtc_15xx.c
 
Building file: ../src/sct_15xx.c
Invoking: MCU C Compiler
arm-none-eabi-gcc -D__REDLIB__ -DDEBUG -D__CODE_RED -D__USE_LPCOPEN -DCORE_M3 -I"C:\Progetti\DemoKit\stk_board\lpc_chip_15xx\inc" -Og -g3 -Wall -c -fmessage-length=0 -fno-builtin -ffunction-sections -fdata-sections -mcpu=cortex-m3 -mthumb -specs=redlib.specs -MMD -MP -MF"src/sct_15xx.d" -MT"src/sct_15xx.o" -MT"src/sct_15xx.d" -o "src/sct_15xx.o" "../src/sct_15xx.c"
Finished building: ../src/sct_15xx.c
 
Building file: ../src/sct_pwm_15xx.c
Invoking: MCU C Compiler
arm-none-eabi-gcc -D__REDLIB__ -DDEBUG -D__CODE_RED -D__USE_LPCOPEN -DCORE_M3 -I"C:\Progetti\DemoKit\stk_board\lpc_chip_15xx\inc" -Og -g3 -Wall -c -fmessage-length=0 -fno-builtin -ffunction-sections -fdata-sections -mcpu=cortex-m3 -mthumb -specs=redlib.specs -MMD -MP -MF"src/sct_pwm_15xx.d" -MT"src/sct_pwm_15xx.o" -MT"src/sct_pwm_15xx.d" -o "src/sct_pwm_15xx.o" "../src/sct_pwm_15xx.c"
Finished building: ../src/sct_pwm_15xx.c
 
Building file: ../src/sctipu_15xx.c
Invoking: MCU C Compiler
arm-none-eabi-gcc -D__REDLIB__ -DDEBUG -D__CODE_RED -D__USE_LPCOPEN -DCORE_M3 -I"C:\Progetti\DemoKit\stk_board\lpc_chip_15xx\inc" -Og -g3 -Wall -c -fmessage-length=0 -fno-builtin -ffunction-sections -fdata-sections -mcpu=cortex-m3 -mthumb -specs=redlib.specs -MMD -MP -MF"src/sctipu_15xx.d" -MT"src/sctipu_15xx.o" -MT"src/sctipu_15xx.d" -o "src/sctipu_15xx.o" "../src/sctipu_15xx.c"
Finished building: ../src/sctipu_15xx.c
 
Building file: ../src/spi_15xx.c
Invoking: MCU C Compiler
arm-none-eabi-gcc -D__REDLIB__ -DDEBUG -D__CODE_RED -D__USE_LPCOPEN -DCORE_M3 -I"C:\Progetti\DemoKit\stk_board\lpc_chip_15xx\inc" -Og -g3 -Wall -c -fmessage-length=0 -fno-builtin -ffunction-sections -fdata-sections -mcpu=cortex-m3 -mthumb -specs=redlib.specs -MMD -MP -MF"src/spi_15xx.d" -MT"src/spi_15xx.o" -MT"src/spi_15xx.d" -o "src/spi_15xx.o" "../src/spi_15xx.c"
Finished building: ../src/spi_15xx.c
 
Building file: ../src/stopwatch_15xx.c
Invoking: MCU C Compiler
arm-none-eabi-gcc -D__REDLIB__ -DDEBUG -D__CODE_RED -D__USE_LPCOPEN -DCORE_M3 -I"C:\Progetti\DemoKit\stk_board\lpc_chip_15xx\inc" -Og -g3 -Wall -c -fmessage-length=0 -fno-builtin -ffunction-sections -fdata-sections -mcpu=cortex-m3 -mthumb -specs=redlib.specs -MMD -MP -MF"src/stopwatch_15xx.d" -MT"src/stopwatch_15xx.o" -MT"src/stopwatch_15xx.d" -o "src/stopwatch_15xx.o" "../src/stopwatch_15xx.c"
Finished building: ../src/stopwatch_15xx.c
 
Building file: ../src/swm_15xx.c
Invoking: MCU C Compiler
arm-none-eabi-gcc -D__REDLIB__ -DDEBUG -D__CODE_RED -D__USE_LPCOPEN -DCORE_M3 -I"C:\Progetti\DemoKit\stk_board\lpc_chip_15xx\inc" -Og -g3 -Wall -c -fmessage-length=0 -fno-builtin -ffunction-sections -fdata-sections -mcpu=cortex-m3 -mthumb -specs=redlib.specs -MMD -MP -MF"src/swm_15xx.d" -MT"src/swm_15xx.o" -MT"src/swm_15xx.d" -o "src/swm_15xx.o" "../src/swm_15xx.c"
Finished building: ../src/swm_15xx.c
 
Building file: ../src/sysctl_15xx.c
Invoking: MCU C Compiler
arm-none-eabi-gcc -D__REDLIB__ -DDEBUG -D__CODE_RED -D__USE_LPCOPEN -DCORE_M3 -I"C:\Progetti\DemoKit\stk_board\lpc_chip_15xx\inc" -Og -g3 -Wall -c -fmessage-length=0 -fno-builtin -ffunction-sections -fdata-sections -mcpu=cortex-m3 -mthumb -specs=redlib.specs -MMD -MP -MF"src/sysctl_15xx.d" -MT"src/sysctl_15xx.o" -MT"src/sysctl_15xx.d" -o "src/sysctl_15xx.o" "../src/sysctl_15xx.c"
Finished building: ../src/sysctl_15xx.c
 
Building file: ../src/sysinit_15xx.c
Invoking: MCU C Compiler
arm-none-eabi-gcc -D__REDLIB__ -DDEBUG -D__CODE_RED -D__USE_LPCOPEN -DCORE_M3 -I"C:\Progetti\DemoKit\stk_board\lpc_chip_15xx\inc" -Og -g3 -Wall -c -fmessage-length=0 -fno-builtin -ffunction-sections -fdata-sections -mcpu=cortex-m3 -mthumb -specs=redlib.specs -MMD -MP -MF"src/sysinit_15xx.d" -MT"src/sysinit_15xx.o" -MT"src/sysinit_15xx.d" -o "src/sysinit_15xx.o" "../src/sysinit_15xx.c"
../src/sysinit_15xx.c: In function 'Chip_SetupIrcClocking':
../src/sysinit_15xx.c:53:15: warning: unused variable 'i' [-Wunused-variable]
  volatile int i;
               ^
Finished building: ../src/sysinit_15xx.c
 
Building file: ../src/uart_15xx.c
Invoking: MCU C Compiler
arm-none-eabi-gcc -D__REDLIB__ -DDEBUG -D__CODE_RED -D__USE_LPCOPEN -DCORE_M3 -I"C:\Progetti\DemoKit\stk_board\lpc_chip_15xx\inc" -Og -g3 -Wall -c -fmessage-length=0 -fno-builtin -ffunction-sections -fdata-sections -mcpu=cortex-m3 -mthumb -specs=redlib.specs -MMD -MP -MF"src/uart_15xx.d" -MT"src/uart_15xx.o" -MT"src/uart_15xx.d" -o "src/uart_15xx.o" "../src/uart_15xx.c"
Finished building: ../src/uart_15xx.c
 
Building file: ../src/wwdt_15xx.c
Invoking: MCU C Compiler
arm-none-eabi-gcc -D__REDLIB__ -DDEBUG -D__CODE_RED -D__USE_LPCOPEN -DCORE_M3 -I"C:\Progetti\DemoKit\stk_board\lpc_chip_15xx\inc" -Og -g3 -Wall -c -fmessage-length=0 -fno-builtin -ffunction-sections -fdata-sections -mcpu=cortex-m3 -mthumb -specs=redlib.specs -MMD -MP -MF"src/wwdt_15xx.d" -MT"src/wwdt_15xx.o" -MT"src/wwdt_15xx.d" -o "src/wwdt_15xx.o" "../src/wwdt_15xx.c"
Finished building: ../src/wwdt_15xx.c
 
Building target: liblpc_chip_15xx.a
Invoking: MCU Archiver
arm-none-eabi-ar -r  "liblpc_chip_15xx.a"  ./src/acmp_15xx.o ./src/adc_15xx.o ./src/chip_15xx.o ./src/clock_15xx.o ./src/crc_15xx.o ./src/dac_15xx.o ./src/dma_15xx.o ./src/eeprom.o ./src/gpio_15xx.o ./src/i2c_common_15xx.o ./src/i2cm_15xx.o ./src/i2cs_15xx.o ./src/iap.o ./src/iocon_15xx.o ./src/pinint_15xx.o ./src/pmu_15xx.o ./src/ring_buffer.o ./src/ritimer_15xx.o ./src/rtc_15xx.o ./src/sct_15xx.o ./src/sct_pwm_15xx.o ./src/sctipu_15xx.o ./src/spi_15xx.o ./src/stopwatch_15xx.o ./src/swm_15xx.o ./src/sysctl_15xx.o ./src/sysinit_15xx.o ./src/uart_15xx.o ./src/wwdt_15xx.o   
Finished building target: liblpc_chip_15xx.a
 
make --no-print-directory post-build
Performing post-build steps
arm-none-eabi-size "liblpc_chip_15xx.a" ; # arm-none-eabi-objdump -h -S "liblpc_chip_15xx.a" >"liblpc_chip_15xx.lss"
   text	   data	    bss	    dec	    hex	filename
    244	      0	      0	    244	     f4	acmp_15xx.o (ex liblpc_chip_15xx.a)
    360	      0	      0	    360	    168	adc_15xx.o (ex liblpc_chip_15xx.a)
    100	      0	      0	    100	     64	chip_15xx.o (ex liblpc_chip_15xx.a)
    840	      0	      0	    840	    348	clock_15xx.o (ex liblpc_chip_15xx.a)
    208	      0	      0	    208	     d0	crc_15xx.o (ex liblpc_chip_15xx.a)
     40	      0	      0	     40	     28	dac_15xx.o (ex liblpc_chip_15xx.a)
    120	      0	      0	    120	     78	dma_15xx.o (ex liblpc_chip_15xx.a)
    120	      0	      0	    120	     78	eeprom.o (ex liblpc_chip_15xx.a)
    252	      0	      0	    252	     fc	gpio_15xx.o (ex liblpc_chip_15xx.a)
     36	      0	      0	     36	     24	i2c_common_15xx.o (ex liblpc_chip_15xx.a)
    312	      0	      0	    312	    138	i2cm_15xx.o (ex liblpc_chip_15xx.a)
    124	      0	      0	    124	     7c	i2cs_15xx.o (ex liblpc_chip_15xx.a)
    408	      0	      0	    408	    198	iap.o (ex liblpc_chip_15xx.a)
     36	      0	      0	     36	     24	iocon_15xx.o (ex liblpc_chip_15xx.a)
      0	      0	      0	      0	      0	pinint_15xx.o (ex liblpc_chip_15xx.a)
    160	      0	      0	    160	     a0	pmu_15xx.o (ex liblpc_chip_15xx.a)
    360	      0	      0	    360	    168	ring_buffer.o (ex liblpc_chip_15xx.a)
    208	      0	      0	    208	     d0	ritimer_15xx.o (ex liblpc_chip_15xx.a)
      0	      0	      0	      0	      0	rtc_15xx.o (ex liblpc_chip_15xx.a)
    100	      0	      0	    100	     64	sct_15xx.o (ex liblpc_chip_15xx.a)
    136	      0	      0	    136	     88	sct_pwm_15xx.o (ex liblpc_chip_15xx.a)
     80	      0	      0	     80	     50	sctipu_15xx.o (ex liblpc_chip_15xx.a)
    964	      0	      0	    964	    3c4	spi_15xx.o (ex liblpc_chip_15xx.a)
    188	      0	     12	    200	     c8	stopwatch_15xx.o (ex liblpc_chip_15xx.a)
    172	      0	      0	    172	     ac	swm_15xx.o (ex liblpc_chip_15xx.a)
    228	      0	      0	    228	     e4	sysctl_15xx.o (ex liblpc_chip_15xx.a)
    212	      0	      0	    212	     d4	sysinit_15xx.o (ex liblpc_chip_15xx.a)
    524	      0	      0	    524	    20c	uart_15xx.o (ex liblpc_chip_15xx.a)
     64	      0	      0	     64	     40	wwdt_15xx.o (ex liblpc_chip_15xx.a)
 
09:04:44 **** Build of configuration Debug for project STKfw ****
make -r all 
Building file: ../example/src/BoardInit.c
Invoking: MCU C Compiler
arm-none-eabi-gcc -D__REDLIB__ -DDEBUG -D__CODE_RED -D__USE_LPCOPEN -DCORE_M3 -I"C:\Progetti\DemoKit\stk_board\lpc_chip_15xx\inc" -O0 -g3 -Wall -c -fmessage-length=0 -fno-builtin -ffunction-sections -fdata-sections -mcpu=cortex-m3 -mthumb -specs=redlib.specs -MMD -MP -MF"example/src/BoardInit.d" -MT"example/src/BoardInit.o" -MT"example/src/BoardInit.d" -o "example/src/BoardInit.o" "../example/src/BoardInit.c"
In file included from ../example/src/BoardInit.c:20:0:
../example/src/board.h:48:13: warning: 'sequence0Complete' defined but not used [-Wunused-variable]
 static bool sequence0Complete;
             ^
Finished building: ../example/src/BoardInit.c
 
Building file: ../example/src/STKfw.c
Invoking: MCU C Compiler
arm-none-eabi-gcc -D__REDLIB__ -DDEBUG -D__CODE_RED -D__USE_LPCOPEN -DCORE_M3 -I"C:\Progetti\DemoKit\stk_board\lpc_chip_15xx\inc" -O0 -g3 -Wall -c -fmessage-length=0 -fno-builtin -ffunction-sections -fdata-sections -mcpu=cortex-m3 -mthumb -specs=redlib.specs -MMD -MP -MF"example/src/STKfw.d" -MT"example/src/STKfw.o" -MT"example/src/STKfw.d" -o "example/src/STKfw.o" "../example/src/STKfw.c"
Finished building: ../example/src/STKfw.c
 
Building file: ../example/src/sysinit.c
Invoking: MCU C Compiler
arm-none-eabi-gcc -D__REDLIB__ -DDEBUG -D__CODE_RED -D__USE_LPCOPEN -DCORE_M3 -I"C:\Progetti\DemoKit\stk_board\lpc_chip_15xx\inc" -O0 -g3 -Wall -c -fmessage-length=0 -fno-builtin -ffunction-sections -fdata-sections -mcpu=cortex-m3 -mthumb -specs=redlib.specs -MMD -MP -MF"example/src/sysinit.d" -MT"example/src/sysinit.o" -MT"example/src/sysinit.d" -o "example/src/sysinit.o" "../example/src/sysinit.c"
Finished building: ../example/src/sysinit.c
 
Building target: STKfw.axf
Invoking: MCU Linker
arm-none-eabi-gcc -nostdlib -L"C:\Progetti\DemoKit\stk_board\lpc_chip_15xx\Debug" -Xlinker -Map="STKfw.map" -Xlinker --gc-sections -mcpu=cortex-m3 -mthumb -T "STKfw_Debug.ld" -o "STKfw.axf"  ./example/src/BoardInit.o ./example/src/STKfw.o ./example/src/cr_startup_lpc15xx.o ./example/src/sysinit.o   -llpc_chip_15xx
Finished building target: STKfw.axf
 
make --no-print-directory post-build
Performing post-build steps
arm-none-eabi-size "STKfw.axf"; # arm-none-eabi-objcopy -v -O binary "STKfw.axf" "STKfw.bin" ; # checksum -p LPC1549 -d "STKfw.bin";
   text	   data	    bss	    dec	    hex	filename
   9688	    448	    364	  10500	   2904	STKfw.axf
 
